Archive member included because of file (symbol)

c:/arquivos de programas/atmel/atmel toolchain/arm gcc/native/4.7.3.1029/arm-gnu-toolchain/bin/../lib/gcc/arm-none-eabi/4.7.3/../../../../arm-none-eabi/lib/armv7e-m\libc.a(lib_a-__atexit.o)
                              c:/arquivos de programas/atmel/atmel toolchain/arm gcc/native/4.7.3.1029/arm-gnu-toolchain/bin/../lib/gcc/arm-none-eabi/4.7.3/../../../../arm-none-eabi/lib/armv7e-m/crt0.o (__register_exitproc)
c:/arquivos de programas/atmel/atmel toolchain/arm gcc/native/4.7.3.1029/arm-gnu-toolchain/bin/../lib/gcc/arm-none-eabi/4.7.3/../../../../arm-none-eabi/lib/armv7e-m\libc.a(lib_a-exit.o)
                              c:/arquivos de programas/atmel/atmel toolchain/arm gcc/native/4.7.3.1029/arm-gnu-toolchain/bin/../lib/gcc/arm-none-eabi/4.7.3/../../../../arm-none-eabi/lib/armv7e-m/crt0.o (exit)
c:/arquivos de programas/atmel/atmel toolchain/arm gcc/native/4.7.3.1029/arm-gnu-toolchain/bin/../lib/gcc/arm-none-eabi/4.7.3/../../../../arm-none-eabi/lib/armv7e-m\libc.a(lib_a-fini.o)
                              c:/arquivos de programas/atmel/atmel toolchain/arm gcc/native/4.7.3.1029/arm-gnu-toolchain/bin/../lib/gcc/arm-none-eabi/4.7.3/../../../../arm-none-eabi/lib/armv7e-m/crt0.o (__libc_fini_array)
c:/arquivos de programas/atmel/atmel toolchain/arm gcc/native/4.7.3.1029/arm-gnu-toolchain/bin/../lib/gcc/arm-none-eabi/4.7.3/../../../../arm-none-eabi/lib/armv7e-m\libc.a(lib_a-impure.o)
                              c:/arquivos de programas/atmel/atmel toolchain/arm gcc/native/4.7.3.1029/arm-gnu-toolchain/bin/../lib/gcc/arm-none-eabi/4.7.3/../../../../arm-none-eabi/lib/armv7e-m\libc.a(lib_a-__atexit.o) (_global_impure_ptr)
c:/arquivos de programas/atmel/atmel toolchain/arm gcc/native/4.7.3.1029/arm-gnu-toolchain/bin/../lib/gcc/arm-none-eabi/4.7.3/../../../../arm-none-eabi/lib/armv7e-m\libc.a(lib_a-init.o)
                              c:/arquivos de programas/atmel/atmel toolchain/arm gcc/native/4.7.3.1029/arm-gnu-toolchain/bin/../lib/gcc/arm-none-eabi/4.7.3/../../../../arm-none-eabi/lib/armv7e-m/crt0.o (__libc_init_array)
c:/arquivos de programas/atmel/atmel toolchain/arm gcc/native/4.7.3.1029/arm-gnu-toolchain/bin/../lib/gcc/arm-none-eabi/4.7.3/../../../../arm-none-eabi/lib/armv7e-m\libc.a(lib_a-iprintf.o)
                              src/ASF/sam/utils/syscalls/gcc/syscalls.o (iprintf)
c:/arquivos de programas/atmel/atmel toolchain/arm gcc/native/4.7.3.1029/arm-gnu-toolchain/bin/../lib/gcc/arm-none-eabi/4.7.3/../../../../arm-none-eabi/lib/armv7e-m\libc.a(lib_a-memcpy.o)
                              src/ASF/common/services/usb/class/cdc/device/udi_cdc.o (memcpy)
c:/arquivos de programas/atmel/atmel toolchain/arm gcc/native/4.7.3.1029/arm-gnu-toolchain/bin/../lib/gcc/arm-none-eabi/4.7.3/../../../../arm-none-eabi/lib/armv7e-m\libc.a(lib_a-memset.o)
                              c:/arquivos de programas/atmel/atmel toolchain/arm gcc/native/4.7.3.1029/arm-gnu-toolchain/bin/../lib/gcc/arm-none-eabi/4.7.3/../../../../arm-none-eabi/lib/armv7e-m/crt0.o (memset)
c:/arquivos de programas/atmel/atmel toolchain/arm gcc/native/4.7.3.1029/arm-gnu-toolchain/bin/../lib/gcc/arm-none-eabi/4.7.3/../../../../arm-none-eabi/lib/armv7e-m\libc.a(lib_a-vfiprintf.o)
                              c:/arquivos de programas/atmel/atmel toolchain/arm gcc/native/4.7.3.1029/arm-gnu-toolchain/bin/../lib/gcc/arm-none-eabi/4.7.3/../../../../arm-none-eabi/lib/armv7e-m\libc.a(lib_a-iprintf.o) (_vfiprintf_r)
c:/arquivos de programas/atmel/atmel toolchain/arm gcc/native/4.7.3.1029/arm-gnu-toolchain/bin/../lib/gcc/arm-none-eabi/4.7.3/../../../../arm-none-eabi/lib/armv7e-m\libc.a(lib_a-wsetup.o)
                              c:/arquivos de programas/atmel/atmel toolchain/arm gcc/native/4.7.3.1029/arm-gnu-toolchain/bin/../lib/gcc/arm-none-eabi/4.7.3/../../../../arm-none-eabi/lib/armv7e-m\libc.a(lib_a-vfiprintf.o) (__swsetup_r)
c:/arquivos de programas/atmel/atmel toolchain/arm gcc/native/4.7.3.1029/arm-gnu-toolchain/bin/../lib/gcc/arm-none-eabi/4.7.3/../../../../arm-none-eabi/lib/armv7e-m\libc.a(lib_a-__call_atexit.o)
                              c:/arquivos de programas/atmel/atmel toolchain/arm gcc/native/4.7.3.1029/arm-gnu-toolchain/bin/../lib/gcc/arm-none-eabi/4.7.3/../../../../arm-none-eabi/lib/armv7e-m\libc.a(lib_a-exit.o) (__call_exitprocs)
c:/arquivos de programas/atmel/atmel toolchain/arm gcc/native/4.7.3.1029/arm-gnu-toolchain/bin/../lib/gcc/arm-none-eabi/4.7.3/../../../../arm-none-eabi/lib/armv7e-m\libc.a(lib_a-atexit.o)
                              c:/arquivos de programas/atmel/atmel toolchain/arm gcc/native/4.7.3.1029/arm-gnu-toolchain/bin/../lib/gcc/arm-none-eabi/4.7.3/../../../../arm-none-eabi/lib/armv7e-m\libc.a(lib_a-__call_atexit.o) (atexit)
c:/arquivos de programas/atmel/atmel toolchain/arm gcc/native/4.7.3.1029/arm-gnu-toolchain/bin/../lib/gcc/arm-none-eabi/4.7.3/../../../../arm-none-eabi/lib/armv7e-m\libc.a(lib_a-fflush.o)
[...]
Memory Configuration

Name             Origin             Length             Attributes
rom              0x00000000         0x00040000         xr
ram              0x20000000         0x00008000         xrw
*default*        0x00000000         0xffffffff

Linker script and memory map

LOAD c:/arquivos de programas/atmel/atmel toolchain/arm gcc/native/4.7.3.1029/arm-gnu-toolchain/bin/../lib/gcc/arm-none-eabi/4.7.3/armv7e-m/crti.o
LOAD c:/arquivos de programas/atmel/atmel toolchain/arm gcc/native/4.7.3.1029/arm-gnu-toolchain/bin/../lib/gcc/arm-none-eabi/4.7.3/armv7e-m/crtbegin.o
LOAD c:/arquivos de programas/atmel/atmel toolchain/arm gcc/native/4.7.3.1029/arm-gnu-toolchain/bin/../lib/gcc/arm-none-eabi/4.7.3/../../../../arm-none-eabi/lib/armv7e-m/crt0.o
LOAD src/appLogic/CircularBuffer.o
LOAD src/appLogic/Roller.o
LOAD src/ASF/common/services/sleepmgr/sam4l/sleepmgr.o
LOAD src/ASF/common/services/usb/class/cdc/device/udi_cdc.o
LOAD src/ASF/common/services/usb/class/cdc/device/udi_cdc_desc.o
LOAD src/ASF/common/services/usb/udc/udc.o
LOAD src/ASF/sam/drivers/eic/eic.o
LOAD src/ASF/sam/drivers/gpio/gpio.o
LOAD src/ASF/sam/drivers/lcdca/lcdca.o
LOAD src/ASF/sam/drivers/pdca/pdca.o
LOAD src/ASF/sam/drivers/usbc/usbc_device.o
LOAD src/main.o
LOAD src/ASF/common/services/clock/sam4l/dfll.o
LOAD src/ASF/common/services/clock/sam4l/osc.o
LOAD src/ASF/common/services/clock/sam4l/pll.o
LOAD src/ASF/common/services/clock/sam4l/sysclk.o
LOAD src/ASF/common/services/delay/sam/cycle_counter.o
LOAD src/ASF/common/utils/interrupt/interrupt_sam_nvic.o
LOAD src/ASF/sam/boards/sam4l_ek/board_monitor.o
LOAD src/ASF/sam/boards/sam4l_ek/init.o
LOAD src/ASF/sam/drivers/bpm/bpm.o
LOAD src/ASF/sam/drivers/flashcalw/flashcalw.o
LOAD src/ASF/sam/drivers/usart/usart.o
LOAD src/ASF/sam/drivers/wdt/wdt_sam4l.o
LOAD src/ASF/sam/utils/cmsis/sam4l/source/templates/exceptions.o
LOAD src/ASF/sam/utils/cmsis/sam4l/source/templates/gcc/startup_sam4l.o
LOAD src/ASF/sam/utils/cmsis/sam4l/source/templates/system_sam4l.o
LOAD src/ASF/sam/utils/syscalls/gcc/syscalls.o
LOAD src/TargetCode/LcdDisplay.o
LOAD src/TargetCode/UsbCdcHandlers.o
START GROUP
LOAD ../src/ASF/thirdparty/CMSIS/Lib/GCC\libarm_cortexM4l_math.a
LOAD c:/arquivos de programas/atmel/atmel toolchain/arm gcc/native/4.7.3.1029/arm-gnu-toolchain/bin/../lib/gcc/arm-none-eabi/4.7.3/../../../../arm-none-eabi/lib/armv7e-m\libm.a
END GROUP
START GROUP
LOAD c:/arquivos de programas/atmel/atmel toolchain/arm gcc/native/4.7.3.1029/arm-gnu-toolchain/bin/../lib/gcc/arm-none-eabi/4.7.3/armv7e-m\libgcc.a
LOAD c:/arquivos de programas/atmel/atmel toolchain/arm gcc/native/4.7.3.1029/arm-gnu-toolchain/bin/../lib/gcc/arm-none-eabi/4.7.3/../../../../arm-none-eabi/lib/armv7e-m\libc.a
END GROUP
LOAD c:/arquivos de programas/atmel/atmel toolchain/arm gcc/native/4.7.3.1029/arm-gnu-toolchain/bin/../lib/gcc/arm-none-eabi/4.7.3/armv7e-m/crtend.o
LOAD c:/arquivos de programas/atmel/atmel toolchain/arm gcc/native/4.7.3.1029/arm-gnu-toolchain/bin/../lib/gcc/arm-none-eabi/4.7.3/armv7e-m/crtn.o
                [0x00001000]                __stack_size__ = DEFINED (__stack_size__)?__stack_size__:0x1000

.text           0x00000000     0x49c0
                0x00000000                . = ALIGN (0x4)
                0x00000000                _sfixed = .
 *(.vectors .vectors.*)
 .vectors       0x00000000      0x180 src/ASF/sam/utils/cmsis/sam4l/source/templates/gcc/startup_sam4l.o
                0x00000000                exception_table
 *(.text .text.* .gnu.linkonce.t.*)
 .text          0x00000180       0xb0 c:/arquivos de programas/atmel/atmel toolchain/arm gcc/native/4.7.3.1029/arm-gnu-toolchain/bin/../lib/gcc/arm-none-eabi/4.7.3/armv7e-m/crtbegin.o
 .text.udi_cdc_comm_disable
                0x00000230       0x14 src/ASF/common/services/usb/class/cdc/device/udi_cdc.o
                0x00000230                udi_cdc_comm_disable
 .text.udi_cdc_data_setup
                0x00000244        0x8 src/ASF/common/services/usb/class/cdc/device/udi_cdc.o
                0x00000244                udi_cdc_data_setup
 .text.udi_cdc_getsetting
                0x0000024c        0x8 src/ASF/common/services/usb/class/cdc/device/udi_cdc.o
                0x0000024c                udi_cdc_getsetting
 .text.udi_cdc_comm_setup
                0x00000254       0xc8 src/ASF/common/services/usb/class/cdc/device/udi_cdc.o
                0x00000254                udi_cdc_comm_setup
 .text.udi_cdc_line_coding_received
                0x0000031c        0x4 src/ASF/common/services/usb/class/cdc/device/udi_cdc.o
 .text.udi_cdc_tx_send
                0x00000320      0x1d4 src/ASF/common/services/usb/class/cdc/device/udi_cdc.o
 .text.udi_cdc_data_sof_notify
                0x000004f4       0x14 src/ASF/common/services/usb/class/cdc/device/udi_cdc.o
                0x000004f4                udi_cdc_data_sof_notify
 .text.udi_cdc_data_sent
                0x00000508       0x44 src/ASF/common/services/usb/class/cdc/device/udi_cdc.o
 .text.udi_cdc_data_disable
                0x0000054c       0x30 src/ASF/common/services/usb/class/cdc/device/udi_cdc.o
                0x0000054c                udi_cdc_data_disable
 .text.udi_cdc_comm_enable
                0x0000057c       0x7c src/ASF/common/services/usb/class/cdc/device/udi_cdc.o
                0x0000057c                udi_cdc_comm_enable
 .text.udi_cdc_multi_get_nb_received_data
                0x000005f8       0x54 src/ASF/common/services/usb/class/cdc/device/udi_cdc.o
                0x000005f8                udi_cdc_multi_get_nb_received_data
 .text.udi_cdc_multi_is_rx_ready
                0x0000064c       0x14 src/ASF/common/services/usb/class/cdc/device/udi_cdc.o
                0x0000064c                udi_cdc_multi_is_rx_ready
 .text.udi_cdc_rx_start
                0x00000660      0x108 src/ASF/common/services/usb/class/cdc/device/udi_cdc.o
 .text.udi_cdc_data_received
                0x00000768       0x70 src/ASF/common/services/usb/class/cdc/device/udi_cdc.o
 .text.udi_cdc_data_enable
                0x000007d8       0xbc src/ASF/common/services/usb/class/cdc/device/udi_cdc.o
                0x000007d8                udi_cdc_data_enable
 .text.udi_cdc_is_rx_ready
                0x00000894       0x14 src/ASF/common/services/usb/class/cdc/device/udi_cdc.o
                0x00000894                udi_cdc_is_rx_ready
 .text.udi_cdc_multi_getc
                0x000008a8       0xc8 src/ASF/common/services/usb/class/cdc/device/udi_cdc.o
                0x000008a8                udi_cdc_multi_getc
 .text.udi_cdc_getc
                0x00000970       0x14 src/ASF/common/services/usb/class/cdc/device/udi_cdc.o
                0x00000970                udi_cdc_getc
 .text.udc_get_eof_conf
                0x00000984       0x14 src/ASF/common/services/usb/udc/udc.o
 .text.udc_next_desc_in_iface
                0x00000998       0x50 src/ASF/common/services/usb/udc/udc.o
 .text.udc_update_iface_desc
                0x000009e8       0x8c src/ASF/common/services/usb/udc/udc.o
 .text.udc_valid_address
                0x00000a74       0x1c src/ASF/common/services/usb/udc/udc.o
 .text.udc_iface_enable
                0x00000a90       0x6c src/ASF/common/services/usb/udc/udc.o
 .text.udc_iface_disable
                0x00000afc       0x8c src/ASF/common/services/usb/udc/udc.o
 .text.udc_start
                0x00000b88       0x10 src/ASF/common/services/usb/udc/udc.o
                0x00000b88                udc_start
 .text.udc_reset
                0x00000b98       0x64 src/ASF/common/services/usb/udc/udc.o
                0x00000b98                udc_reset
 .text.udc_sof_notify
                0x00000bfc       0x48 src/ASF/common/services/usb/udc/udc.o
                0x00000bfc                udc_sof_notify
 .text.udc_process_setup
                0x00000c44      0x5ac src/ASF/common/services/usb/udc/udc.o
                0x00000c44                udc_process_setup
 .text.eic_line_interrupt
                0x000011f0       0x14 src/ASF/sam/drivers/eic/eic.o
 .text.NMI_Handler
                0x00001204       0x14 src/ASF/sam/drivers/eic/eic.o
                0x00001204                NMI_Handler
 .text.EIC_1_Handler
                0x00001218       0x14 src/ASF/sam/drivers/eic/eic.o
                0x00001218                EIC_1_Handler
 .text.EIC_2_Handler
                0x0000122c       0x14 src/ASF/sam/drivers/eic/eic.o
                0x0000122c                EIC_2_Handler
 .text.EIC_3_Handler
                0x00001240       0x14 src/ASF/sam/drivers/eic/eic.o
                0x00001240                EIC_3_Handler
 .text.EIC_4_Handler
                0x00001254       0x14 src/ASF/sam/drivers/eic/eic.o
                0x00001254                EIC_4_Handler
 .text.EIC_5_Handler
                0x00001268       0x14 src/ASF/sam/drivers/eic/eic.o
                0x00001268                EIC_5_Handler
 .text.EIC_6_Handler
                0x0000127c       0x14 src/ASF/sam/drivers/eic/eic.o
                0x0000127c                EIC_6_Handler
 .text.EIC_7_Handler
                0x00001290       0x14 src/ASF/sam/drivers/eic/eic.o
                0x00001290                EIC_7_Handler
 .text.EIC_8_Handler
                0x000012a4       0x14 src/ASF/sam/drivers/eic/eic.o
                0x000012a4                EIC_8_Handler
 .text.gpio_common_handler
                0x000012b8       0x78 src/ASF/sam/drivers/gpio/gpio.o
 .text.GPIO_0_Handler
                0x00001330       0x18 src/ASF/sam/drivers/gpio/gpio.o
                0x00001330                GPIO_0_Handler
 .text.GPIO_1_Handler
                0x00001348       0x18 src/ASF/sam/drivers/gpio/gpio.o
                0x00001348                GPIO_1_Handler
 .text.GPIO_2_Handler
                0x00001360       0x18 src/ASF/sam/drivers/gpio/gpio.o
                0x00001360                GPIO_2_Handler
 .text.GPIO_3_Handler
                0x00001378       0x18 src/ASF/sam/drivers/gpio/gpio.o
                0x00001378                GPIO_3_Handler
 .text.GPIO_4_Handler
                0x00001390       0x18 src/ASF/sam/drivers/gpio/gpio.o
                0x00001390                GPIO_4_Handler
 .text.GPIO_5_Handler
                0x000013a8       0x18 src/ASF/sam/drivers/gpio/gpio.o
                0x000013a8                GPIO_5_Handler
 .text.GPIO_6_Handler
                0x000013c0       0x18 src/ASF/sam/drivers/gpio/gpio.o
                0x000013c0                GPIO_6_Handler
 .text.GPIO_7_Handler
                0x000013d8       0x18 src/ASF/sam/drivers/gpio/gpio.o
                0x000013d8                GPIO_7_Handler
 .text.GPIO_8_Handler
                0x000013f0       0x18 src/ASF/sam/drivers/gpio/gpio.o
                0x000013f0                GPIO_8_Handler
 .text.GPIO_9_Handler
                0x00001408       0x18 src/ASF/sam/drivers/gpio/gpio.o
                0x00001408                GPIO_9_Handler
 .text.GPIO_10_Handler
                0x00001420       0x18 src/ASF/sam/drivers/gpio/gpio.o
                0x00001420                GPIO_10_Handler
 .text.GPIO_11_Handler
                0x00001438       0x18 src/ASF/sam/drivers/gpio/gpio.o
                0x00001438                GPIO_11_Handler
 .text.lcdca_clk_init
                0x00001450       0x40 src/ASF/sam/drivers/lcdca/lcdca.o
                0x00001450                lcdca_clk_init
 .text.lcdca_enable
                0x00001490       0x6c src/ASF/sam/drivers/lcdca/lcdca.o
                0x00001490                lcdca_enable
 .text.lcdca_set_contrast
                0x000014fc       0x2c src/ASF/sam/drivers/lcdca/lcdca.o
                0x000014fc                lcdca_set_contrast
 .text.lcdca_set_config
                0x00001528       0x88 src/ASF/sam/drivers/lcdca/lcdca.o
                0x00001528                lcdca_set_config
 .text.lcdca_enable_timer
                0x000015b0       0x6c src/ASF/sam/drivers/lcdca/lcdca.o
                0x000015b0                lcdca_enable_timer
 .text.lcdca_write_packet
                0x0000161c       0x7c src/ASF/sam/drivers/lcdca/lcdca.o
                0x0000161c                lcdca_write_packet
 .text.LCDCA_Handler
                0x00001698       0x20 src/ASF/sam/drivers/lcdca/lcdca.o
                0x00001698                LCDCA_Handler
 .text.pdca_channel_get_handler
                0x000016b8       0x14 src/ASF/sam/drivers/pdca/pdca.o
                0x000016b8                pdca_channel_get_handler
 .text.pdca_get_channel_status
                0x000016cc       0x44 src/ASF/sam/drivers/pdca/pdca.o
                0x000016cc                pdca_get_channel_status
 .text.pdca_channel_interrupt
                0x00001710       0x20 src/ASF/sam/drivers/pdca/pdca.o
 .text.PDCA_0_Handler
                0x00001730       0x14 src/ASF/sam/drivers/pdca/pdca.o
                0x00001730                PDCA_0_Handler
 .text.PDCA_1_Handler
                0x00001744       0x14 src/ASF/sam/drivers/pdca/pdca.o
                0x00001744                PDCA_1_Handler
 .text.PDCA_2_Handler
                0x00001758       0x14 src/ASF/sam/drivers/pdca/pdca.o
                0x00001758                PDCA_2_Handler
 .text.PDCA_3_Handler
                0x0000176c       0x14 src/ASF/sam/drivers/pdca/pdca.o
                0x0000176c                PDCA_3_Handler
 .text.PDCA_4_Handler
                0x00001780       0x14 src/ASF/sam/drivers/pdca/pdca.o
                0x00001780                PDCA_4_Handler
 .text.PDCA_5_Handler
                0x00001794       0x14 src/ASF/sam/drivers/pdca/pdca.o
                0x00001794                PDCA_5_Handler
 .text.PDCA_6_Handler
                0x000017a8       0x14 src/ASF/sam/drivers/pdca/pdca.o
                0x000017a8                PDCA_6_Handler
 .text.PDCA_7_Handler
                0x000017bc       0x14 src/ASF/sam/drivers/pdca/pdca.o
                0x000017bc                PDCA_7_Handler
 .text.PDCA_8_Handler
                0x000017d0       0x14 src/ASF/sam/drivers/pdca/pdca.o
                0x000017d0                PDCA_8_Handler
 .text.PDCA_9_Handler
                0x000017e4       0x14 src/ASF/sam/drivers/pdca/pdca.o
                0x000017e4                PDCA_9_Handler
 .text.PDCA_10_Handler
                0x000017f8       0x14 src/ASF/sam/drivers/pdca/pdca.o
                0x000017f8                PDCA_10_Handler
 .text.PDCA_11_Handler
                0x0000180c       0x14 src/ASF/sam/drivers/pdca/pdca.o
                0x0000180c                PDCA_11_Handler
 .text.PDCA_12_Handler
                0x00001820       0x14 src/ASF/sam/drivers/pdca/pdca.o
                0x00001820                PDCA_12_Handler
 .text.PDCA_13_Handler
                0x00001834       0x14 src/ASF/sam/drivers/pdca/pdca.o
                0x00001834                PDCA_13_Handler
 .text.PDCA_14_Handler
                0x00001848       0x14 src/ASF/sam/drivers/pdca/pdca.o
                0x00001848                PDCA_14_Handler
 .text.PDCA_15_Handler
                0x0000185c       0x14 src/ASF/sam/drivers/pdca/pdca.o
                0x0000185c                PDCA_15_Handler
 .text.udd_sleep_mode
                0x00001870       0xac src/ASF/sam/drivers/usbc/usbc_device.o
 .text.udd_ctrl_init
                0x0000191c       0x3c src/ASF/sam/drivers/usbc/usbc_device.o
 .text.udd_ctrl_stall_data
                0x00001958       0x20 src/ASF/sam/drivers/usbc/usbc_device.o
 .text.udd_ctrl_send_zlp_in
                0x00001978       0x70 src/ASF/sam/drivers/usbc/usbc_device.o
 .text.udd_ctrl_endofrequest
                0x000019e8       0x14 src/ASF/sam/drivers/usbc/usbc_device.o
 .text.udd_ep_trans_done
                0x000019fc      0x3a0 src/ASF/sam/drivers/usbc/usbc_device.o
 .text.udd_ctrl_in_sent
                0x00001d9c      0x20c src/ASF/sam/drivers/usbc/usbc_device.o
 .text.udd_attach
                0x00001fa8       0xa0 src/ASF/sam/drivers/usbc/usbc_device.o
                0x00001fa8                udd_attach
 .text.udd_enable
                0x00002048      0x154 src/ASF/sam/drivers/usbc/usbc_device.o
                0x00002048                udd_enable
 .text.udd_is_high_speed
                0x0000219c        0x8 src/ASF/sam/drivers/usbc/usbc_device.o
                0x0000219c                udd_is_high_speed
 .text.udd_set_address
                0x000021a4       0x2c src/ASF/sam/drivers/usbc/usbc_device.o
                0x000021a4                udd_set_address
 .text.udd_getaddress
                0x000021d0       0x10 src/ASF/sam/drivers/usbc/usbc_device.o
                0x000021d0                udd_getaddress
 .text.udd_get_frame_number
                0x000021e0       0x10 src/ASF/sam/drivers/usbc/usbc_device.o
                0x000021e0                udd_get_frame_number
 .text.udd_get_micro_frame_number
                0x000021f0        0x8 src/ASF/sam/drivers/usbc/usbc_device.o
                0x000021f0                udd_get_micro_frame_number
 .text.udd_set_setup_payload
                0x000021f8       0x10 src/ASF/sam/drivers/usbc/usbc_device.o
                0x000021f8                udd_set_setup_payload
 .text.udd_ep_alloc
                0x00002208       0xb0 src/ASF/sam/drivers/usbc/usbc_device.o
                0x00002208                udd_ep_alloc
 .text.udd_ep_is_halted
                0x000022b8       0x18 src/ASF/sam/drivers/usbc/usbc_device.o
                0x000022b8                udd_ep_is_halted
 .text.udd_ep_clear_halt
                0x000022d0       0xa0 src/ASF/sam/drivers/usbc/usbc_device.o
                0x000022d0                udd_ep_clear_halt
 .text.udd_ep_run
                0x00002370      0x154 src/ASF/sam/drivers/usbc/usbc_device.o
                0x00002370                udd_ep_run
 .text.udd_ep_abort
                0x000024c4       0xa4 src/ASF/sam/drivers/usbc/usbc_device.o
                0x000024c4                udd_ep_abort
 .text.udd_ep_set_halt
                0x00002568       0x30 src/ASF/sam/drivers/usbc/usbc_device.o
                0x00002568                udd_ep_set_halt
 .text.udd_ep_free
                0x00002598       0x2c src/ASF/sam/drivers/usbc/usbc_device.o
                0x00002598                udd_ep_free
 .text.USBC_Handler
                0x000025c4      0x6d0 src/ASF/sam/drivers/usbc/usbc_device.o
                0x000025c4                USBC_Handler
 .text.main     0x00002c94       0x70 src/main.o
                0x00002c94                main
 .text.osc_priv_enable_osc0
                0x00002d04       0x4c src/ASF/common/services/clock/sam4l/osc.o
                0x00002d04                osc_priv_enable_osc0
 .text.osc_priv_enable_osc32
                0x00002d50       0x4c src/ASF/common/services/clock/sam4l/osc.o
                0x00002d50                osc_priv_enable_osc32
 .text.pll_enable
                0x00002d9c       0x60 src/ASF/common/services/clock/sam4l/pll.o
                0x00002d9c                pll_enable
 .text.sysclk_priv_enable_module
                0x00002dfc       0x68 src/ASF/common/services/clock/sam4l/sysclk.o
                0x00002dfc                sysclk_priv_enable_module
 .text.sysclk_priv_disable_module
                0x00002e64       0x6c src/ASF/common/services/clock/sam4l/sysclk.o
                0x00002e64                sysclk_priv_disable_module
 .text.sysclk_enable_pba_module
                0x00002ed0       0x60 src/ASF/common/services/clock/sam4l/sysclk.o
                0x00002ed0                sysclk_enable_pba_module
 .text.sysclk_disable_pba_module
                0x00002f30       0x60 src/ASF/common/services/clock/sam4l/sysclk.o
                0x00002f30                sysclk_disable_pba_module
 .text.sysclk_enable_pbb_module
                0x00002f90       0x60 src/ASF/common/services/clock/sam4l/sysclk.o
                0x00002f90                sysclk_enable_pbb_module
 .text.sysclk_disable_pbb_module
                0x00002ff0       0x60 src/ASF/common/services/clock/sam4l/sysclk.o
                0x00002ff0                sysclk_disable_pbb_module
 .text.sysclk_enable_peripheral_clock
                0x00003050      0x6e0 src/ASF/common/services/clock/sam4l/sysclk.o
                0x00003050                sysclk_enable_peripheral_clock
 .text.sysclk_disable_peripheral_clock
                0x00003730      0x65c src/ASF/common/services/clock/sam4l/sysclk.o
                0x00003730                sysclk_disable_peripheral_clock
 .text.sysclk_set_source
                0x00003d8c       0x40 src/ASF/common/services/clock/sam4l/sysclk.o
                0x00003d8c                sysclk_set_source
 .text.sysclk_enable_usb
                0x00003dcc       0xa0 src/ASF/common/services/clock/sam4l/sysclk.o
                0x00003dcc                sysclk_enable_usb
 .text.sysclk_init
                0x00003e6c      0x11c src/ASF/common/services/clock/sam4l/sysclk.o
                0x00003e6c                sysclk_init
 .text.board_init
                0x00003f88      0x2b0 src/ASF/sam/boards/sam4l_ek/init.o
                0x00003f88                board_init
 .text.bpm_power_scaling_cpu_failsafe
                0x00004238       0x78 src/ASF/sam/drivers/bpm/bpm.o
                0x00004238                bpm_power_scaling_cpu_failsafe
 .text.bpm_enable_fast_wakeup
                0x000042b0       0x1c src/ASF/sam/drivers/bpm/bpm.o
                0x000042b0                bpm_enable_fast_wakeup
 .text.bpm_get_status
                0x000042cc        0x4 src/ASF/sam/drivers/bpm/bpm.o
                0x000042cc                bpm_get_status
 .text.flashcalw_set_wait_state
                0x000042d0       0x24 src/ASF/sam/drivers/flashcalw/flashcalw.o
                0x000042d0                flashcalw_set_wait_state
 .text.flashcalw_is_ready
                0x000042f4       0x10 src/ASF/sam/drivers/flashcalw/flashcalw.o
                0x000042f4                flashcalw_is_ready
 .text.flashcalw_default_wait_until_ready
                0x00004304       0x14 src/ASF/sam/drivers/flashcalw/flashcalw.o
                0x00004304                flashcalw_default_wait_until_ready
 .text.flashcalw_issue_command
                0x00004318       0x64 src/ASF/sam/drivers/flashcalw/flashcalw.o
                0x00004318                flashcalw_issue_command
 .text.flashcalw_set_flash_waitstate_and_readmode
                0x0000437c       0xe4 src/ASF/sam/drivers/flashcalw/flashcalw.o
                0x0000437c                flashcalw_set_flash_waitstate_and_readmode
 .text.wdt_set_ctrl
                0x00004460       0x48 src/ASF/sam/drivers/wdt/wdt_sam4l.o
 .text.wdt_get_config_defaults
                0x000044a8       0x1c src/ASF/sam/drivers/wdt/wdt_sam4l.o
                0x000044a8                wdt_get_config_defaults
 .text.wdt_init
                0x000044c4       0xcc src/ASF/sam/drivers/wdt/wdt_sam4l.o
                0x000044c4                wdt_init
 .text.wdt_disable
                0x00004590       0x2c src/ASF/sam/drivers/wdt/wdt_sam4l.o
                0x00004590                wdt_disable
 .text.Dummy_Handler
                0x000045bc        0x4 src/ASF/sam/utils/cmsis/sam4l/source/templates/exceptions.o
                0x000045bc                DACC_Handler
                0x000045bc                DebugMon_Handler
                0x000045bc                TRNG_Handler
                0x000045bc                HardFault_Handler
                0x000045bc                SPI_Handler
                0x000045bc                SysTick_Handler
                0x000045bc                USART3_Handler
                0x000045bc                AST_PER_Handler
                0x000045bc                AST_CLKREADY_Handler
                0x000045bc                AST_OVF_Handler
                0x000045bc                PendSV_Handler
                0x000045bc                SCIF_Handler
                0x000045bc                CRCCU_Handler
                0x000045bc                USART0_Handler
                0x000045bc                TWIM3_Handler
                0x000045bc                UsageFault_Handler
                0x000045bc                TC12_Handler
                0x000045bc                BPM_Handler
                0x000045bc                PARC_Handler
                0x000045bc                WDT_Handler
                0x000045bc                TWIS0_Handler
                0x000045bc                TWIS1_Handler
                0x000045bc                TWIM2_Handler
                0x000045bc                AESA_Handler
                0x000045bc                Dummy_Handler
                0x000045bc                ABDACB_Handler
                0x000045bc                CATB_Handler
                0x000045bc                USART1_Handler
                0x000045bc                AST_READY_Handler
                0x000045bc                AST_ALARM_Handler
                0x000045bc                TWIM0_Handler
                0x000045bc                PM_Handler
                0x000045bc                TC11_Handler
                0x000045bc                ACIFC_Handler
                0x000045bc                TC00_Handler
                0x000045bc                TC02_Handler
                0x000045bc                MemManage_Handler
                0x000045bc                SVC_Handler
                0x000045bc                ADCIFE_Handler
                0x000045bc                PEVC_TR_Handler
                0x000045bc                USART2_Handler
                0x000045bc                TC10_Handler
                0x000045bc                TWIM1_Handler
                0x000045bc                HFLASHC_Handler
                0x000045bc                TC01_Handler
                0x000045bc                BSCIF_Handler
                0x000045bc                IISC_Handler
                0x000045bc                BusFault_Handler
                0x000045bc                FREQM_Handler
                0x000045bc                PEVC_OV_Handler
 .text.Reset_Handler
                0x000045c0      0x11c src/ASF/sam/utils/cmsis/sam4l/source/templates/gcc/startup_sam4l.o
                0x000045c0                Reset_Handler
 .text.lcdca_init
                0x000046dc       0x94 src/TargetCode/LcdDisplay.o
                0x000046dc                lcdca_init
 .text.LcdWrite
                0x00004770       0x28 src/TargetCode/LcdDisplay.o
                0x00004770                LcdWrite
 .text.usbCdcEnable
                0x00004798       0x2c src/TargetCode/UsbCdcHandlers.o
                0x00004798                usbCdcEnable
 .text.usbReceive
                0x000047c4       0x70 src/TargetCode/UsbCdcHandlers.o
                0x000047c4                usbReceive
 .text          0x00004834       0x9c c:/arquivos de programas/atmel/atmel toolchain/arm gcc/native/4.7.3.1029/arm-gnu-toolchain/bin/../lib/gcc/arm-none-eabi/4.7.3/../../../../arm-none-eabi/lib/armv7e-m\libc.a(lib_a-__atexit.o)
                0x00004834                __register_exitproc
 .text          0x000048d0       0x2c c:/arquivos de programas/atmel/atmel toolchain/arm gcc/native/4.7.3.1029/arm-gnu-toolchain/bin/../lib/gcc/arm-none-eabi/4.7.3/../../../../arm-none-eabi/lib/armv7e-m\libc.a(lib_a-fini.o)
                0x000048d0                __libc_fini_array
 .text          0x000048fc       0x4c c:/arquivos de programas/atmel/atmel toolchain/arm gcc/native/4.7.3.1029/arm-gnu-toolchain/bin/../lib/gcc/arm-none-eabi/4.7.3/../../../../arm-none-eabi/lib/armv7e-m\libc.a(lib_a-init.o)
                0x000048fc                __libc_init_array
 .text          0x00004948       0x12 c:/arquivos de programas/atmel/atmel toolchain/arm gcc/native/4.7.3.1029/arm-gnu-toolchain/bin/../lib/gcc/arm-none-eabi/4.7.3/../../../../arm-none-eabi/lib/armv7e-m\libc.a(lib_a-memcpy.o)
                0x00004948                memcpy
 .text          0x0000495a       0x10 c:/arquivos de programas/atmel/atmel toolchain/arm gcc/native/4.7.3.1029/arm-gnu-toolchain/bin/../lib/gcc/arm-none-eabi/4.7.3/../../../../arm-none-eabi/lib/armv7e-m\libc.a(lib_a-memset.o)
                0x0000495a                memset
 *fill*         0x0000496a        0x2 00
 .text.startup  0x0000496c       0x14 c:/arquivos de programas/atmel/atmel toolchain/arm gcc/native/4.7.3.1029/arm-gnu-toolchain/bin/../lib/gcc/arm-none-eabi/4.7.3/../../../../arm-none-eabi/lib/armv7e-m\libc.a(lib_a-__call_atexit.o)
 .text          0x00004980        0xc c:/arquivos de programas/atmel/atmel toolchain/arm gcc/native/4.7.3.1029/arm-gnu-toolchain/bin/../lib/gcc/arm-none-eabi/4.7.3/../../../../arm-none-eabi/lib/armv7e-m\libc.a(lib_a-atexit.o)
                0x00004980                atexit
 *(.glue_7t)
 .glue_7t       0x00000000        0x0 linker stubs
 *(.glue_7)
 .glue_7        0x00000000        0x0 linker stubs
 *(.rodata .rodata* .gnu.linkonce.r.*)
 .rodata.str1.4
                0x0000498c        0x4 src/main.o
 .rodata.str1.4
                0x00004990        0x4 src/TargetCode/UsbCdcHandlers.o
 .rodata        0x00004994        0x4 c:/arquivos de programas/atmel/atmel toolchain/arm gcc/native/4.7.3.1029/arm-gnu-toolchain/bin/../lib/gcc/arm-none-eabi/4.7.3/../../../../arm-none-eabi/lib/armv7e-m\libc.a(lib_a-impure.o)
                0x00004994                _global_impure_ptr
 .rodata.str1.1
                0x00004998        0x2 c:/arquivos de programas/atmel/atmel toolchain/arm gcc/native/4.7.3.1029/arm-gnu-toolchain/bin/../lib/gcc/arm-none-eabi/4.7.3/../../../../arm-none-eabi/lib/armv7e-m\libc.a(lib_a-impure.o)
 *(.ARM.extab* .gnu.linkonce.armextab.*)
                0x0000499c                . = ALIGN (0x4)
 *fill*         0x0000499a        0x2 00
 *(.init)
 .init          0x0000499c        0x4 c:/arquivos de programas/atmel/atmel toolchain/arm gcc/native/4.7.3.1029/arm-gnu-toolchain/bin/../lib/gcc/arm-none-eabi/4.7.3/armv7e-m/crti.o
                0x0000499c                _init
 .init          0x000049a0        0x8 c:/arquivos de programas/atmel/atmel toolchain/arm gcc/native/4.7.3.1029/arm-gnu-toolchain/bin/../lib/gcc/arm-none-eabi/4.7.3/armv7e-m/crtn.o
                0x000049a8                . = ALIGN (0x4)
                0x000049a8                __preinit_array_start = .
 *(.preinit_array)
                0x000049a8                __preinit_array_end = .
                0x000049a8                . = ALIGN (0x4)
                0x000049a8                __init_array_start = .
 *(SORT(.init_array.*))
 .init_array.00000
                0x000049a8        0x4 c:/arquivos de programas/atmel/atmel toolchain/arm gcc/native/4.7.3.1029/arm-gnu-toolchain/bin/../lib/gcc/arm-none-eabi/4.7.3/../../../../arm-none-eabi/lib/armv7e-m\libc.a(lib_a-__call_atexit.o)
 *(.init_array)
 .init_array    0x000049ac        0x4 c:/arquivos de programas/atmel/atmel toolchain/arm gcc/native/4.7.3.1029/arm-gnu-toolchain/bin/../lib/gcc/arm-none-eabi/4.7.3/armv7e-m/crtbegin.o
                0x000049b0                __init_array_end = .
                0x000049b0                . = ALIGN (0x4)
 *crtbegin.o(.ctors)
 *(EXCLUDE_FILE(*crtend.o) .ctors)
 *(SORT(.ctors.*))
 *crtend.o(.ctors)
                0x000049b0                . = ALIGN (0x4)
 *(.fini)
 .fini          0x000049b0        0x4 c:/arquivos de programas/atmel/atmel toolchain/arm gcc/native/4.7.3.1029/arm-gnu-toolchain/bin/../lib/gcc/arm-none-eabi/4.7.3/armv7e-m/crti.o
                0x000049b0                _fini
 .fini          0x000049b4        0x8 c:/arquivos de programas/atmel/atmel toolchain/arm gcc/native/4.7.3.1029/arm-gnu-toolchain/bin/../lib/gcc/arm-none-eabi/4.7.3/armv7e-m/crtn.o
                0x000049bc                . = ALIGN (0x4)
                0x000049bc                __fini_array_start = .
 *(.fini_array)
 .fini_array    0x000049bc        0x4 c:/arquivos de programas/atmel/atmel toolchain/arm gcc/native/4.7.3.1029/arm-gnu-toolchain/bin/../lib/gcc/arm-none-eabi/4.7.3/armv7e-m/crtbegin.o
 *(SORT(.fini_array.*))
                0x000049c0                __fini_array_end = .
 *crtbegin.o(.dtors)
 *(EXCLUDE_FILE(*crtend.o) .dtors)
 *(SORT(.dtors.*))
 *crtend.o(.dtors)
                0x000049c0                . = ALIGN (0x4)
                0x000049c0                _efixed = .
                0x000049c0                PROVIDE (__exidx_start, .)

.vfp11_veneer   0x000049c0        0x0
 .vfp11_veneer  0x00000000        0x0 linker stubs

.v4_bx          0x000049c0        0x0
 .v4_bx         0x00000000        0x0 linker stubs

.iplt           0x000049c0        0x0
 .iplt          0x00000000        0x0 c:/arquivos de programas/atmel/atmel toolchain/arm gcc/native/4.7.3.1029/arm-gnu-toolchain/bin/../lib/gcc/arm-none-eabi/4.7.3/armv7e-m/crtbegin.o

.eh_frame       0x000049c0        0x0
 .eh_frame      0x000049c0        0x0 c:/arquivos de programas/atmel/atmel toolchain/arm gcc/native/4.7.3.1029/arm-gnu-toolchain/bin/../lib/gcc/arm-none-eabi/4.7.3/armv7e-m/crtbegin.o

.rel.dyn        0x000049c0        0x0
 .rel.iplt      0x00000000        0x0 c:/arquivos de programas/atmel/atmel toolchain/arm gcc/native/4.7.3.1029/arm-gnu-toolchain/bin/../lib/gcc/arm-none-eabi/4.7.3/armv7e-m/crtbegin.o

.jcr            0x000049c0        0x0
 .jcr           0x000049c0        0x0 c:/arquivos de programas/atmel/atmel toolchain/arm gcc/native/4.7.3.1029/arm-gnu-toolchain/bin/../lib/gcc/arm-none-eabi/4.7.3/armv7e-m/crtbegin.o

.tm_clone_table
                0x000049c0        0x0
 .tm_clone_table
                0x000049c0        0x0 c:/arquivos de programas/atmel/atmel toolchain/arm gcc/native/4.7.3.1029/arm-gnu-toolchain/bin/../lib/gcc/arm-none-eabi/4.7.3/armv7e-m/crtbegin.o
 .tm_clone_table
                0x000049c0        0x0 c:/arquivos de programas/atmel/atmel toolchain/arm gcc/native/4.7.3.1029/arm-gnu-toolchain/bin/../lib/gcc/arm-none-eabi/4.7.3/armv7e-m/crtend.o

.igot.plt       0x000049c0        0x0
 .igot.plt      0x00000000        0x0 c:/arquivos de programas/atmel/atmel toolchain/arm gcc/native/4.7.3.1029/arm-gnu-toolchain/bin/../lib/gcc/arm-none-eabi/4.7.3/armv7e-m/crtbegin.o

.ARM.exidx
 *(.ARM.exidx* .gnu.linkonce.armexidx.*)
                0x000049c0                PROVIDE (__exidx_end, .)
                0x000049c0                . = ALIGN (0x4)
                0x000049c0                _etext = .

.relocate       0x20000000      0x510 load address 0x000049c0
                0x20000000                . = ALIGN (0x4)
                0x20000000                _srelocate = .
 *(.ramfunc .ramfunc.*)
 .ramfunc       0x20000000       0x38 src/ASF/sam/drivers/bpm/bpm.o
                0x20000000                bpm_ps_no_halt_exec
 *(.data .data.*)
 .data.udi_api_cdc_data
                0x20000038       0x14 src/ASF/common/services/usb/class/cdc/device/udi_cdc.o
                0x20000038                udi_api_cdc_data
 .data.udi_api_cdc_comm
                0x2000004c       0x14 src/ASF/common/services/usb/class/cdc/device/udi_cdc.o
                0x2000004c                udi_api_cdc_comm
 .data.udc_config
                0x20000060        0x8 src/ASF/common/services/usb/class/cdc/device/udi_cdc_desc.o
                0x20000060                udc_config
 .data.udi_apis
                0x20000068        0x8 src/ASF/common/services/usb/class/cdc/device/udi_cdc_desc.o
                0x20000068                udi_apis
 .data.udc_config_fs
                0x20000070        0x8 src/ASF/common/services/usb/class/cdc/device/udi_cdc_desc.o
                0x20000070                udc_config_fs
 .data.udc_device_desc
                0x20000078       0x14 src/ASF/common/services/usb/class/cdc/device/udi_cdc_desc.o
                0x20000078                udc_device_desc
 .data.udc_desc_fs
                0x2000008c       0x44 src/ASF/common/services/usb/class/cdc/device/udi_cdc_desc.o
                0x2000008c                udc_desc_fs
 .data.udc_string_desc_languageid
                0x200000d0        0x4 src/ASF/common/services/usb/udc/udc.o
 .data.g_interrupt_enabled
                0x200000d4        0x1 src/ASF/common/utils/interrupt/interrupt_sam_nvic.o
                0x200000d4                g_interrupt_enabled
 *fill*         0x200000d5        0x3 00
 .data.flashcalw_wait_until_ready
                0x200000d8        0x4 src/ASF/sam/drivers/flashcalw/flashcalw.o
                0x200000d8                flashcalw_wait_until_ready
 *fill*         0x200000dc        0x4 00
 .data          0x200000e0      0x430 c:/arquivos de programas/atmel/atmel toolchain/arm gcc/native/4.7.3.1029/arm-gnu-toolchain/bin/../lib/gcc/arm-none-eabi/4.7.3/../../../../arm-none-eabi/lib/armv7e-m\libc.a(lib_a-impure.o)
                0x200000e0                _impure_ptr
                0x20000510                . = ALIGN (0x4)
                0x20000510                _erelocate = .

.bss            0x20000520      0x41c load address 0x00004ee0
                0x20000520                . = ALIGN (0x4)
                0x20000520                _sbss = .
                0x20000520                _szero = .
 *(.bss .bss.*)
 .bss           0x20000520       0x1c c:/arquivos de programas/atmel/atmel toolchain/arm gcc/native/4.7.3.1029/arm-gnu-toolchain/bin/../lib/gcc/arm-none-eabi/4.7.3/armv7e-m/crtbegin.o
 .bss.udi_cdc_line_coding
                0x2000053c        0x8 src/ASF/common/services/usb/class/cdc/device/udi_cdc.o
 .bss.udi_cdc_data_running
                0x20000544        0x1 src/ASF/common/services/usb/class/cdc/device/udi_cdc.o
 .bss.udi_cdc_nb_data_enabled
                0x20000545        0x1 src/ASF/common/services/usb/class/cdc/device/udi_cdc.o
 *fill*         0x20000546        0x2 00
 .bss.udi_cdc_tx_buf_sel
                0x20000548        0x4 src/ASF/common/services/usb/class/cdc/device/udi_cdc.o
 .bss.udi_cdc_tx_buf_nb
                0x2000054c        0x4 src/ASF/common/services/usb/class/cdc/device/udi_cdc.o
 .bss.udi_cdc_tx_buf
                0x20000550       0x80 src/ASF/common/services/usb/class/cdc/device/udi_cdc.o
 .bss.udi_cdc_rx_buf_nb
                0x200005d0        0x4 src/ASF/common/services/usb/class/cdc/device/udi_cdc.o
 .bss.udi_cdc_nb_comm_enabled
                0x200005d4        0x1 src/ASF/common/services/usb/class/cdc/device/udi_cdc.o
 *fill*         0x200005d5        0x3 00
 .bss.udi_cdc_rx_pos
                0x200005d8        0x4 src/ASF/common/services/usb/class/cdc/device/udi_cdc.o
 .bss.udi_cdc_tx_sof_num
                0x200005dc        0x4 src/ASF/common/services/usb/class/cdc/device/udi_cdc.o
 .bss.sof_zlp_counter.8311
                0x200005e0        0x2 src/ASF/common/services/usb/class/cdc/device/udi_cdc.o
 *fill*         0x200005e2        0x2 00
 .bss.udi_cdc_rx_buf_sel
                0x200005e4        0x4 src/ASF/common/services/usb/class/cdc/device/udi_cdc.o
 .bss.udi_cdc_tx_trans_ongoing
                0x200005e8        0x4 src/ASF/common/services/usb/class/cdc/device/udi_cdc.o
 .bss.uid_cdc_state_msg
                0x200005ec        0xc src/ASF/common/services/usb/class/cdc/device/udi_cdc.o
 .bss.udi_cdc_rx_buf
                0x200005f8       0x80 src/ASF/common/services/usb/class/cdc/device/udi_cdc.o
 .bss.udi_cdc_rx_trans_ongoing
                0x20000678        0x4 src/ASF/common/services/usb/class/cdc/device/udi_cdc.o
 .bss.udi_cdc_tx_both_buf_to_send
                0x2000067c        0x4 src/ASF/common/services/usb/class/cdc/device/udi_cdc.o
 .bss.udi_cdc_state
                0x20000680        0x4 src/ASF/common/services/usb/class/cdc/device/udi_cdc.o
 .bss.udc_ptr_conf
                0x20000684        0x4 src/ASF/common/services/usb/udc/udc.o
 .bss.udc_iface_setting.8033
                0x20000688        0x1 src/ASF/common/services/usb/udc/udc.o
 *fill*         0x20000689        0x1 00
 .bss.udc_ep_status.7977
                0x2000068a        0x2 src/ASF/common/services/usb/udc/udc.o
 .bss.udc_device_status
                0x2000068c        0x2 src/ASF/common/services/usb/udc/udc.o
 .bss.udc_num_configuration
                0x2000068e        0x1 src/ASF/common/services/usb/udc/udc.o
 *fill*         0x2000068f        0x1 00
 .bss.udc_ptr_iface
                0x20000690        0x4 src/ASF/common/services/usb/udc/udc.o
 .bss.gpio_nb_sources
                0x20000694        0x4 src/ASF/sam/drivers/gpio/gpio.o
 .bss.gpio_int_sources
                0x20000698       0x30 src/ASF/sam/drivers/gpio/gpio.o
 .bss.lcdca_callback_pointer
                0x200006c8        0x4 src/ASF/sam/drivers/lcdca/lcdca.o
                0x200006c8                lcdca_callback_pointer
 .bss.udd_ctrl_prev_payload_nb_trans
                0x200006cc        0x2 src/ASF/sam/drivers/usbc/usbc_device.o
 .bss.b_shortpacket.9050
                0x200006ce        0x1 src/ASF/sam/drivers/usbc/usbc_device.o
 *fill*         0x200006cf        0x1 00
 .bss.udd_ep_job
                0x200006d0       0x3c src/ASF/sam/drivers/usbc/usbc_device.o
 *fill*         0x2000070c       0x14 00
 .bss.udd_g_ep_table
                0x20000720       0x80 src/ASF/sam/drivers/usbc/usbc_device.o
 .bss.udd_b_idle
                0x200007a0        0x1 src/ASF/sam/drivers/usbc/usbc_device.o
 *fill*         0x200007a1        0x1 00
 .bss.udd_ctrl_payload_nb_trans
                0x200007a2        0x2 src/ASF/sam/drivers/usbc/usbc_device.o
 .bss.udd_ep_control_state
                0x200007a4        0x1 src/ASF/sam/drivers/usbc/usbc_device.o
 *fill*         0x200007a5        0x3 00
 .bss.flashcalw_error_status
                0x200007a8        0x4 src/ASF/sam/drivers/flashcalw/flashcalw.o
 *(COMMON)
 COMMON         0x200007ac        0x8 src/ASF/common/services/sleepmgr/sam4l/sleepmgr.o
                0x200007ac                sleepmgr_locks
 COMMON         0x200007b4       0x24 src/ASF/sam/drivers/eic/eic.o
                0x200007b4                eic_callback_pointer
 COMMON         0x200007d8       0x40 src/ASF/sam/drivers/pdca/pdca.o
                0x200007d8                pdca_callback_pointer
 COMMON         0x20000818      0x118 src/ASF/sam/drivers/usbc/usbc_device.o
                0x20000818                udd_ep_out_cache_buffer
                0x200008d8                udd_g_ctrlreq
                0x200008f0                udd_ctrl_buffer
 COMMON         0x20000930        0xc src/TargetCode/UsbCdcHandlers.o
                0x20000930                count
                0x20000934                str
                0x2000093c                . = ALIGN (0x4)
                0x2000093c                _ebss = .
                0x2000093c                _ezero = .

.stack          0x2000093c     0x1004 load address 0x000052fc
                0x20000940                . = ALIGN (0x8)
 *fill*         0x2000093c        0x4 00
                0x20000940                _sstack = .
                0x20001940                . = (. + __stack_size__)
 *fill*         0x20000940     0x1000 00
                0x20001940                . = ALIGN (0x8)
                0x20001940                _estack = .
                0x20001940                . = ALIGN (0x4)
                0x20001940                _end = .
OUTPUT(Roller.elf elf32-littlearm)

.ARM.attributes
                0x00000000       0x2a
 .ARM.attributes
                0x00000000       0x1e c:/arquivos de programas/atmel/atmel toolchain/arm gcc/native/4.7.3.1029/arm-gnu-toolchain/bin/../lib/gcc/arm-none-eabi/4.7.3/armv7e-m/crti.o
 .ARM.attributes
                0x0000001e       0x2e c:/arquivos de programas/atmel/atmel toolchain/arm gcc/native/4.7.3.1029/arm-gnu-toolchain/bin/../lib/gcc/arm-none-eabi/4.7.3/armv7e-m/crtbegin.o
 .ARM.attributes
                0x0000004c       0x33 src/ASF/common/services/sleepmgr/sam4l/sleepmgr.o
 .ARM.attributes
                0x0000007f       0x33 src/ASF/common/services/usb/class/cdc/device/udi_cdc.o
 .ARM.attributes
                0x000000b2       0x33 src/ASF/common/services/usb/class/cdc/device/udi_cdc_desc.o
 .ARM.attributes
                0x000000e5       0x33 src/ASF/common/services/usb/udc/udc.o
 .ARM.attributes
                0x00000118       0x33 src/ASF/sam/drivers/eic/eic.o
 .ARM.attributes
                0x0000014b       0x33 src/ASF/sam/drivers/gpio/gpio.o
 .ARM.attributes
                0x0000017e       0x33 src/ASF/sam/drivers/lcdca/lcdca.o
 .ARM.attributes
                0x000001b1       0x33 src/ASF/sam/drivers/pdca/pdca.o
 .ARM.attributes
                0x000001e4       0x33 src/ASF/sam/drivers/usbc/usbc_device.o
 .ARM.attributes
                0x00000217       0x33 src/main.o
 .ARM.attributes
                0x0000024a       0x33 src/ASF/common/services/clock/sam4l/osc.o
 .ARM.attributes
                0x0000027d       0x33 src/ASF/common/services/clock/sam4l/pll.o
 .ARM.attributes
                0x000002b0       0x33 src/ASF/common/services/clock/sam4l/sysclk.o
 .ARM.attributes
                0x000002e3       0x33 src/ASF/common/utils/interrupt/interrupt_sam_nvic.o
 .ARM.attributes
                0x00000316       0x33 src/ASF/sam/boards/sam4l_ek/init.o
 .ARM.attributes
                0x00000349       0x33 src/ASF/sam/drivers/bpm/bpm.o
 .ARM.attributes
                0x0000037c       0x33 src/ASF/sam/drivers/flashcalw/flashcalw.o
 .ARM.attributes
                0x000003af       0x33 src/ASF/sam/drivers/wdt/wdt_sam4l.o
 .ARM.attributes
                0x000003e2       0x33 src/ASF/sam/utils/cmsis/sam4l/source/templates/exceptions.o
 .ARM.attributes
                0x00000415       0x33 src/ASF/sam/utils/cmsis/sam4l/source/templates/gcc/startup_sam4l.o
 .ARM.attributes
                0x00000448       0x33 src/TargetCode/LcdDisplay.o
 .ARM.attributes
                0x0000047b       0x33 src/TargetCode/UsbCdcHandlers.o
 .ARM.attributes
                0x000004ae       0x2e c:/arquivos de programas/atmel/atmel toolchain/arm gcc/native/4.7.3.1029/arm-gnu-toolchain/bin/../lib/gcc/arm-none-eabi/4.7.3/../../../../arm-none-eabi/lib/armv7e-m\libc.a(lib_a-__atexit.o)
 .ARM.attributes
                0x000004dc       0x2e c:/arquivos de programas/atmel/atmel toolchain/arm gcc/native/4.7.3.1029/arm-gnu-toolchain/bin/../lib/gcc/arm-none-eabi/4.7.3/../../../../arm-none-eabi/lib/armv7e-m\libc.a(lib_a-fini.o)
 .ARM.attributes
                0x0000050a       0x2e c:/arquivos de programas/atmel/atmel toolchain/arm gcc/native/4.7.3.1029/arm-gnu-toolchain/bin/../lib/gcc/arm-none-eabi/4.7.3/../../../../arm-none-eabi/lib/armv7e-m\libc.a(lib_a-impure.o)
 .ARM.attributes
                0x00000538       0x2e c:/arquivos de programas/atmel/atmel toolchain/arm gcc/native/4.7.3.1029/arm-gnu-toolchain/bin/../lib/gcc/arm-none-eabi/4.7.3/../../../../arm-none-eabi/lib/armv7e-m\libc.a(lib_a-init.o)
 .ARM.attributes
                0x00000566       0x2e c:/arquivos de programas/atmel/atmel toolchain/arm gcc/native/4.7.3.1029/arm-gnu-toolchain/bin/../lib/gcc/arm-none-eabi/4.7.3/../../../../arm-none-eabi/lib/armv7e-m\libc.a(lib_a-memcpy.o)
 .ARM.attributes
                0x00000594       0x2e c:/arquivos de programas/atmel/atmel toolchain/arm gcc/native/4.7.3.1029/arm-gnu-toolchain/bin/../lib/gcc/arm-none-eabi/4.7.3/../../../../arm-none-eabi/lib/armv7e-m\libc.a(lib_a-memset.o)
 .ARM.attributes
                0x000005c2       0x2e c:/arquivos de programas/atmel/atmel toolchain/arm gcc/native/4.7.3.1029/arm-gnu-toolchain/bin/../lib/gcc/arm-none-eabi/4.7.3/../../../../arm-none-eabi/lib/armv7e-m\libc.a(lib_a-__call_atexit.o)
 .ARM.attributes
                0x000005f0       0x2e c:/arquivos de programas/atmel/atmel toolchain/arm gcc/native/4.7.3.1029/arm-gnu-toolchain/bin/../lib/gcc/arm-none-eabi/4.7.3/../../../../arm-none-eabi/lib/armv7e-m\libc.a(lib_a-atexit.o)
 .ARM.attributes
                0x0000061e       0x2e c:/arquivos de programas/atmel/atmel toolchain/arm gcc/native/4.7.3.1029/arm-gnu-toolchain/bin/../lib/gcc/arm-none-eabi/4.7.3/armv7e-m/crtend.o
 .ARM.attributes
                0x0000064c       0x1e c:/arquivos de programas/atmel/atmel toolchain/arm gcc/native/4.7.3.1029/arm-gnu-toolchain/bin/../lib/gcc/arm-none-eabi/4.7.3/armv7e-m/crtn.o

.comment        0x00000000       0x71
 .comment       0x00000000       0x71 c:/arquivos de programas/atmel/atmel toolchain/arm gcc/native/4.7.3.1029/arm-gnu-toolchain/bin/../lib/gcc/arm-none-eabi/4.7.3/armv7e-m/crtbegin.o
                                 0x72 (size before relaxing)
 .comment       0x00000000       0x72 src/ASF/common/services/sleepmgr/sam4l/sleepmgr.o
 .comment       0x00000000       0x72 src/ASF/common/services/usb/class/cdc/device/udi_cdc.o
 .comment       0x00000000       0x72 src/ASF/common/services/usb/class/cdc/device/udi_cdc_desc.o
 .comment       0x00000000       0x72 src/ASF/common/services/usb/udc/udc.o
 .comment       0x00000000       0x72 src/ASF/sam/drivers/eic/eic.o
 .comment       0x00000000       0x72 src/ASF/sam/drivers/gpio/gpio.o
 .comment       0x00000000       0x72 src/ASF/sam/drivers/lcdca/lcdca.o
 .comment       0x00000000       0x72 src/ASF/sam/drivers/pdca/pdca.o
 .comment       0x00000000       0x72 src/ASF/sam/drivers/usbc/usbc_device.o
 .comment       0x00000000       0x72 src/main.o
 .comment       0x00000000       0x72 src/ASF/common/services/clock/sam4l/osc.o
 .comment       0x00000000       0x72 src/ASF/common/services/clock/sam4l/pll.o
 .comment       0x00000000       0x72 src/ASF/common/services/clock/sam4l/sysclk.o
 .comment       0x00000000       0x72 src/ASF/common/utils/interrupt/interrupt_sam_nvic.o
 .comment       0x00000000       0x72 src/ASF/sam/boards/sam4l_ek/init.o
 .comment       0x00000000       0x72 src/ASF/sam/drivers/bpm/bpm.o
 .comment       0x00000000       0x72 src/ASF/sam/drivers/flashcalw/flashcalw.o
 .comment       0x00000000       0x72 src/ASF/sam/drivers/wdt/wdt_sam4l.o
 .comment       0x00000000       0x72 src/ASF/sam/utils/cmsis/sam4l/source/templates/exceptions.o
 .comment       0x00000000       0x72 src/ASF/sam/utils/cmsis/sam4l/source/templates/gcc/startup_sam4l.o
 .comment       0x00000000       0x72 src/TargetCode/LcdDisplay.o
 .comment       0x00000000       0x72 src/TargetCode/UsbCdcHandlers.o
 .comment       0x00000000       0x72 c:/arquivos de programas/atmel/atmel toolchain/arm gcc/native/4.7.3.1029/arm-gnu-toolchain/bin/../lib/gcc/arm-none-eabi/4.7.3/../../../../arm-none-eabi/lib/armv7e-m\libc.a(lib_a-__atexit.o)
 .comment       0x00000000       0x72 c:/arquivos de programas/atmel/atmel toolchain/arm gcc/native/4.7.3.1029/arm-gnu-toolchain/bin/../lib/gcc/arm-none-eabi/4.7.3/../../../../arm-none-eabi/lib/armv7e-m\libc.a(lib_a-fini.o)
 .comment       0x00000000       0x72 c:/arquivos de programas/atmel/atmel toolchain/arm gcc/native/4.7.3.1029/arm-gnu-toolchain/bin/../lib/gcc/arm-none-eabi/4.7.3/../../../../arm-none-eabi/lib/armv7e-m\libc.a(lib_a-impure.o)
 .comment       0x00000000       0x72 c:/arquivos de programas/atmel/atmel toolchain/arm gcc/native/4.7.3.1029/arm-gnu-toolchain/bin/../lib/gcc/arm-none-eabi/4.7.3/../../../../arm-none-eabi/lib/armv7e-m\libc.a(lib_a-init.o)
 .comment       0x00000000       0x72 c:/arquivos de programas/atmel/atmel toolchain/arm gcc/native/4.7.3.1029/arm-gnu-toolchain/bin/../lib/gcc/arm-none-eabi/4.7.3/../../../../arm-none-eabi/lib/armv7e-m\libc.a(lib_a-memcpy.o)
 .comment       0x00000000       0x72 c:/arquivos de programas/atmel/atmel toolchain/arm gcc/native/4.7.3.1029/arm-gnu-toolchain/bin/../lib/gcc/arm-none-eabi/4.7.3/../../../../arm-none-eabi/lib/armv7e-m\libc.a(lib_a-memset.o)
 .comment       0x00000000       0x72 c:/arquivos de programas/atmel/atmel toolchain/arm gcc/native/4.7.3.1029/arm-gnu-toolchain/bin/../lib/gcc/arm-none-eabi/4.7.3/../../../../arm-none-eabi/lib/armv7e-m\libc.a(lib_a-__call_atexit.o)
 .comment       0x00000000       0x72 c:/arquivos de programas/atmel/atmel toolchain/arm gcc/native/4.7.3.1029/arm-gnu-toolchain/bin/../lib/gcc/arm-none-eabi/4.7.3/../../../../arm-none-eabi/lib/armv7e-m\libc.a(lib_a-atexit.o)
 .comment       0x00000000       0x72 c:/arquivos de programas/atmel/atmel toolchain/arm gcc/native/4.7.3.1029/arm-gnu-toolchain/bin/../lib/gcc/arm-none-eabi/4.7.3/armv7e-m/crtend.o

.debug_info     0x00000000    0x18f23
 .debug_info    0x00000000      0x15d src/ASF/common/services/sleepmgr/sam4l/sleepmgr.o
 .debug_info    0x0000015d     0x1ac8 src/ASF/common/services/usb/class/cdc/device/udi_cdc.o
 .debug_info    0x00001c25      0x7c1 src/ASF/common/services/usb/class/cdc/device/udi_cdc_desc.o
 .debug_info    0x000023e6      0xf6c src/ASF/common/services/usb/udc/udc.o
 .debug_info    0x00003352      0xf0f src/ASF/sam/drivers/eic/eic.o
 .debug_info    0x00004261     0x12ea src/ASF/sam/drivers/gpio/gpio.o
 .debug_info    0x0000554b     0x1e05 src/ASF/sam/drivers/lcdca/lcdca.o
 .debug_info    0x00007350     0x15de src/ASF/sam/drivers/pdca/pdca.o
 .debug_info    0x0000892e     0x355f src/ASF/sam/drivers/usbc/usbc_device.o
 .debug_info    0x0000be8d      0x214 src/main.o
 .debug_info    0x0000c0a1     0x117c src/ASF/common/services/clock/sam4l/osc.o
 .debug_info    0x0000d21d      0x7a6 src/ASF/common/services/clock/sam4l/pll.o
 .debug_info    0x0000d9c3     0x2d38 src/ASF/common/services/clock/sam4l/sysclk.o
 .debug_info    0x000106fb      0x1d2 src/ASF/common/utils/interrupt/interrupt_sam_nvic.o
 .debug_info    0x000108cd     0x1ec7 src/ASF/sam/boards/sam4l_ek/init.o
 .debug_info    0x00012794      0xde5 src/ASF/sam/drivers/bpm/bpm.o
 .debug_info    0x00013579     0x1fec src/ASF/sam/drivers/flashcalw/flashcalw.o
 .debug_info    0x00015565      0x649 src/ASF/sam/drivers/wdt/wdt_sam4l.o
 .debug_info    0x00015bae       0xaf src/ASF/sam/utils/cmsis/sam4l/source/templates/exceptions.o
 .debug_info    0x00015c5d      0x347 src/ASF/sam/utils/cmsis/sam4l/source/templates/gcc/startup_sam4l.o
 .debug_info    0x00015fa4      0xa90 src/TargetCode/LcdDisplay.o
 .debug_info    0x00016a34      0x211 src/TargetCode/UsbCdcHandlers.o
 .debug_info    0x00016c45      0xa15 c:/arquivos de programas/atmel/atmel toolchain/arm gcc/native/4.7.3.1029/arm-gnu-toolchain/bin/../lib/gcc/arm-none-eabi/4.7.3/../../../../arm-none-eabi/lib/armv7e-m\libc.a(lib_a-__atexit.o)
 .debug_info    0x0001765a       0xf7 c:/arquivos de programas/atmel/atmel toolchain/arm gcc/native/4.7.3.1029/arm-gnu-toolchain/bin/../lib/gcc/arm-none-eabi/4.7.3/../../../../arm-none-eabi/lib/armv7e-m\libc.a(lib_a-fini.o)
 .debug_info    0x00017751      0x961 c:/arquivos de programas/atmel/atmel toolchain/arm gcc/native/4.7.3.1029/arm-gnu-toolchain/bin/../lib/gcc/arm-none-eabi/4.7.3/../../../../arm-none-eabi/lib/armv7e-m\libc.a(lib_a-impure.o)
 .debug_info    0x000180b2      0x110 c:/arquivos de programas/atmel/atmel toolchain/arm gcc/native/4.7.3.1029/arm-gnu-toolchain/bin/../lib/gcc/arm-none-eabi/4.7.3/../../../../arm-none-eabi/lib/armv7e-m\libc.a(lib_a-init.o)
 .debug_info    0x000181c2      0x103 c:/arquivos de programas/atmel/atmel toolchain/arm gcc/native/4.7.3.1029/arm-gnu-toolchain/bin/../lib/gcc/arm-none-eabi/4.7.3/../../../../arm-none-eabi/lib/armv7e-m\libc.a(lib_a-memcpy.o)
 .debug_info    0x000182c5       0xd3 c:/arquivos de programas/atmel/atmel toolchain/arm gcc/native/4.7.3.1029/arm-gnu-toolchain/bin/../lib/gcc/arm-none-eabi/4.7.3/../../../../arm-none-eabi/lib/armv7e-m\libc.a(lib_a-memset.o)
 .debug_info    0x00018398      0xa7c c:/arquivos de programas/atmel/atmel toolchain/arm gcc/native/4.7.3.1029/arm-gnu-toolchain/bin/../lib/gcc/arm-none-eabi/4.7.3/../../../../arm-none-eabi/lib/armv7e-m\libc.a(lib_a-__call_atexit.o)
 .debug_info    0x00018e14      0x10f c:/arquivos de programas/atmel/atmel toolchain/arm gcc/native/4.7.3.1029/arm-gnu-toolchain/bin/../lib/gcc/arm-none-eabi/4.7.3/../../../../arm-none-eabi/lib/armv7e-m\libc.a(lib_a-atexit.o)

.debug_abbrev   0x00000000     0x3c83
 .debug_abbrev  0x00000000       0xa9 src/ASF/common/services/sleepmgr/sam4l/sleepmgr.o
 .debug_abbrev  0x000000a9      0x3bf src/ASF/common/services/usb/class/cdc/device/udi_cdc.o
 .debug_abbrev  0x00000468      0x116 src/ASF/common/services/usb/class/cdc/device/udi_cdc_desc.o
 .debug_abbrev  0x0000057e      0x335 src/ASF/common/services/usb/udc/udc.o
 .debug_abbrev  0x000008b3      0x2d5 src/ASF/sam/drivers/eic/eic.o
 .debug_abbrev  0x00000b88      0x28d src/ASF/sam/drivers/gpio/gpio.o
 .debug_abbrev  0x00000e15      0x3ec src/ASF/sam/drivers/lcdca/lcdca.o
 .debug_abbrev  0x00001201      0x374 src/ASF/sam/drivers/pdca/pdca.o
 .debug_abbrev  0x00001575      0x550 src/ASF/sam/drivers/usbc/usbc_device.o
 .debug_abbrev  0x00001ac5      0x13f src/main.o
 .debug_abbrev  0x00001c04      0x1ac src/ASF/common/services/clock/sam4l/osc.o
 .debug_abbrev  0x00001db0      0x1e2 src/ASF/common/services/clock/sam4l/pll.o
 .debug_abbrev  0x00001f92      0x380 src/ASF/common/services/clock/sam4l/sysclk.o
 .debug_abbrev  0x00002312       0xef src/ASF/common/utils/interrupt/interrupt_sam_nvic.o
 .debug_abbrev  0x00002401      0x280 src/ASF/sam/boards/sam4l_ek/init.o
 .debug_abbrev  0x00002681      0x286 src/ASF/sam/drivers/bpm/bpm.o
 .debug_abbrev  0x00002907      0x35b src/ASF/sam/drivers/flashcalw/flashcalw.o
 .debug_abbrev  0x00002c62      0x22e src/ASF/sam/drivers/wdt/wdt_sam4l.o
 .debug_abbrev  0x00002e90       0x6c src/ASF/sam/utils/cmsis/sam4l/source/templates/exceptions.o
 .debug_abbrev  0x00002efc      0x113 src/ASF/sam/utils/cmsis/sam4l/source/templates/gcc/startup_sam4l.o
 .debug_abbrev  0x0000300f      0x1fe src/TargetCode/LcdDisplay.o
 .debug_abbrev  0x0000320d      0x15c src/TargetCode/UsbCdcHandlers.o
 .debug_abbrev  0x00003369      0x1fe c:/arquivos de programas/atmel/atmel toolchain/arm gcc/native/4.7.3.1029/arm-gnu-toolchain/bin/../lib/gcc/arm-none-eabi/4.7.3/../../../../arm-none-eabi/lib/armv7e-m\libc.a(lib_a-__atexit.o)
 .debug_abbrev  0x00003567       0xbb c:/arquivos de programas/atmel/atmel toolchain/arm gcc/native/4.7.3.1029/arm-gnu-toolchain/bin/../lib/gcc/arm-none-eabi/4.7.3/../../../../arm-none-eabi/lib/armv7e-m\libc.a(lib_a-fini.o)
 .debug_abbrev  0x00003622      0x160 c:/arquivos de programas/atmel/atmel toolchain/arm gcc/native/4.7.3.1029/arm-gnu-toolchain/bin/../lib/gcc/arm-none-eabi/4.7.3/../../../../arm-none-eabi/lib/armv7e-m\libc.a(lib_a-impure.o)
 .debug_abbrev  0x00003782       0xb8 c:/arquivos de programas/atmel/atmel toolchain/arm gcc/native/4.7.3.1029/arm-gnu-toolchain/bin/../lib/gcc/arm-none-eabi/4.7.3/../../../../arm-none-eabi/lib/armv7e-m\libc.a(lib_a-init.o)
 .debug_abbrev  0x0000383a       0xa2 c:/arquivos de programas/atmel/atmel toolchain/arm gcc/native/4.7.3.1029/arm-gnu-toolchain/bin/../lib/gcc/arm-none-eabi/4.7.3/../../../../arm-none-eabi/lib/armv7e-m\libc.a(lib_a-memcpy.o)
 .debug_abbrev  0x000038dc       0x8c c:/arquivos de programas/atmel/atmel toolchain/arm gcc/native/4.7.3.1029/arm-gnu-toolchain/bin/../lib/gcc/arm-none-eabi/4.7.3/../../../../arm-none-eabi/lib/armv7e-m\libc.a(lib_a-memset.o)
 .debug_abbrev  0x00003968      0x265 c:/arquivos de programas/atmel/atmel toolchain/arm gcc/native/4.7.3.1029/arm-gnu-toolchain/bin/../lib/gcc/arm-none-eabi/4.7.3/../../../../arm-none-eabi/lib/armv7e-m\libc.a(lib_a-__call_atexit.o)
 .debug_abbrev  0x00003bcd       0xb6 c:/arquivos de programas/atmel/atmel toolchain/arm gcc/native/4.7.3.1029/arm-gnu-toolchain/bin/../lib/gcc/arm-none-eabi/4.7.3/../../../../arm-none-eabi/lib/armv7e-m\libc.a(lib_a-atexit.o)

.debug_aranges  0x00000000      0xca8
 .debug_aranges
                0x00000000       0x18 src/ASF/common/services/sleepmgr/sam4l/sleepmgr.o
 .debug_aranges
                0x00000018      0x168 src/ASF/common/services/usb/class/cdc/device/udi_cdc.o
 .debug_aranges
                0x00000180       0x18 src/ASF/common/services/usb/class/cdc/device/udi_cdc_desc.o
 .debug_aranges
                0x00000198       0x78 src/ASF/common/services/usb/udc/udc.o
 .debug_aranges
                0x00000210       0x88 src/ASF/sam/drivers/eic/eic.o
 .debug_aranges
                0x00000298       0x88 src/ASF/sam/drivers/gpio/gpio.o
 .debug_aranges
                0x00000320       0xd8 src/ASF/sam/drivers/lcdca/lcdca.o
 .debug_aranges
                0x000003f8      0x128 src/ASF/sam/drivers/pdca/pdca.o
 .debug_aranges
                0x00000520       0xf8 src/ASF/sam/drivers/usbc/usbc_device.o
 .debug_aranges
                0x00000618       0x20 src/main.o
 .debug_aranges
                0x00000638       0x78 src/ASF/common/services/clock/sam4l/osc.o
 .debug_aranges
                0x000006b0       0x30 src/ASF/common/services/clock/sam4l/pll.o
 .debug_aranges
                0x000006e0       0x88 src/ASF/common/services/clock/sam4l/sysclk.o
 .debug_aranges
                0x00000768       0x28 src/ASF/common/utils/interrupt/interrupt_sam_nvic.o
 .debug_aranges
                0x00000790       0x20 src/ASF/sam/boards/sam4l_ek/init.o
 .debug_aranges
                0x000007b0       0xc0 src/ASF/sam/drivers/bpm/bpm.o
 .debug_aranges
                0x00000870      0x250 src/ASF/sam/drivers/flashcalw/flashcalw.o
 .debug_aranges
                0x00000ac0       0x50 src/ASF/sam/drivers/wdt/wdt_sam4l.o
 .debug_aranges
                0x00000b10       0x20 src/ASF/sam/utils/cmsis/sam4l/source/templates/exceptions.o
 .debug_aranges
                0x00000b30       0x20 src/ASF/sam/utils/cmsis/sam4l/source/templates/gcc/startup_sam4l.o
 .debug_aranges
                0x00000b50       0x28 src/TargetCode/LcdDisplay.o
 .debug_aranges
                0x00000b78       0x30 src/TargetCode/UsbCdcHandlers.o
 .debug_aranges
                0x00000ba8       0x20 c:/arquivos de programas/atmel/atmel toolchain/arm gcc/native/4.7.3.1029/arm-gnu-toolchain/bin/../lib/gcc/arm-none-eabi/4.7.3/../../../../arm-none-eabi/lib/armv7e-m\libc.a(lib_a-__atexit.o)
 .debug_aranges
                0x00000bc8       0x20 c:/arquivos de programas/atmel/atmel toolchain/arm gcc/native/4.7.3.1029/arm-gnu-toolchain/bin/../lib/gcc/arm-none-eabi/4.7.3/../../../../arm-none-eabi/lib/armv7e-m\libc.a(lib_a-fini.o)
 .debug_aranges
                0x00000be8       0x18 c:/arquivos de programas/atmel/atmel toolchain/arm gcc/native/4.7.3.1029/arm-gnu-toolchain/bin/../lib/gcc/arm-none-eabi/4.7.3/../../../../arm-none-eabi/lib/armv7e-m\libc.a(lib_a-impure.o)
 .debug_aranges
                0x00000c00       0x20 c:/arquivos de programas/atmel/atmel toolchain/arm gcc/native/4.7.3.1029/arm-gnu-toolchain/bin/../lib/gcc/arm-none-eabi/4.7.3/../../../../arm-none-eabi/lib/armv7e-m\libc.a(lib_a-init.o)
 .debug_aranges
                0x00000c20       0x20 c:/arquivos de programas/atmel/atmel toolchain/arm gcc/native/4.7.3.1029/arm-gnu-toolchain/bin/../lib/gcc/arm-none-eabi/4.7.3/../../../../arm-none-eabi/lib/armv7e-m\libc.a(lib_a-memcpy.o)
 .debug_aranges
                0x00000c40       0x20 c:/arquivos de programas/atmel/atmel toolchain/arm gcc/native/4.7.3.1029/arm-gnu-toolchain/bin/../lib/gcc/arm-none-eabi/4.7.3/../../../../arm-none-eabi/lib/armv7e-m\libc.a(lib_a-memset.o)
 .debug_aranges
                0x00000c60       0x28 c:/arquivos de programas/atmel/atmel toolchain/arm gcc/native/4.7.3.1029/arm-gnu-toolchain/bin/../lib/gcc/arm-none-eabi/4.7.3/../../../../arm-none-eabi/lib/armv7e-m\libc.a(lib_a-__call_atexit.o)
 .debug_aranges
                0x00000c88       0x20 c:/arquivos de programas/atmel/atmel toolchain/arm gcc/native/4.7.3.1029/arm-gnu-toolchain/bin/../lib/gcc/arm-none-eabi/4.7.3/../../../../arm-none-eabi/lib/armv7e-m\libc.a(lib_a-atexit.o)

.debug_macro    0x00000000    0x31328
 .debug_macro   0x00000000      0x54e src/ASF/common/services/sleepmgr/sam4l/sleepmgr.o
 .debug_macro   0x0000054e      0x16c src/ASF/common/services/sleepmgr/sam4l/sleepmgr.o
 .debug_macro   0x000006ba      0x2ee src/ASF/common/services/sleepmgr/sam4l/sleepmgr.o
 .debug_macro   0x000009a8       0x76 src/ASF/common/services/sleepmgr/sam4l/sleepmgr.o
 .debug_macro   0x00000a1e       0x16 src/ASF/common/services/sleepmgr/sam4l/sleepmgr.o
 .debug_macro   0x00000a34      0x6e1 src/ASF/common/services/sleepmgr/sam4l/sleepmgr.o
 .debug_macro   0x00001115       0x64 src/ASF/common/services/sleepmgr/sam4l/sleepmgr.o
 .debug_macro   0x00001179       0x3b src/ASF/common/services/sleepmgr/sam4l/sleepmgr.o
 .debug_macro   0x000011b4       0x18 src/ASF/common/services/sleepmgr/sam4l/sleepmgr.o
 .debug_macro   0x000011cc       0x42 src/ASF/common/services/sleepmgr/sam4l/sleepmgr.o
 .debug_macro   0x0000120e      0xb17 src/ASF/common/services/sleepmgr/sam4l/sleepmgr.o
 .debug_macro   0x00001d25      0x32e src/ASF/common/services/sleepmgr/sam4l/sleepmgr.o
 .debug_macro   0x00002053      0x9ae src/ASF/common/services/sleepmgr/sam4l/sleepmgr.o
 .debug_macro   0x00002a01      0x81a src/ASF/common/services/sleepmgr/sam4l/sleepmgr.o
 .debug_macro   0x0000321b      0x30b src/ASF/common/services/sleepmgr/sam4l/sleepmgr.o
 .debug_macro   0x00003526      0x910 src/ASF/common/services/sleepmgr/sam4l/sleepmgr.o
 .debug_macro   0x00003e36      0x4e5 src/ASF/common/services/sleepmgr/sam4l/sleepmgr.o
 .debug_macro   0x0000431b      0xb2f src/ASF/common/services/sleepmgr/sam4l/sleepmgr.o
 .debug_macro   0x00004e4a      0x507 src/ASF/common/services/sleepmgr/sam4l/sleepmgr.o
 .debug_macro   0x00005351       0x34 src/ASF/common/services/sleepmgr/sam4l/sleepmgr.o
 .debug_macro   0x00005385      0x289 src/ASF/common/services/sleepmgr/sam4l/sleepmgr.o
 .debug_macro   0x0000560e      0x1dd src/ASF/common/services/sleepmgr/sam4l/sleepmgr.o
 .debug_macro   0x000057eb      0xdef src/ASF/common/services/sleepmgr/sam4l/sleepmgr.o
 .debug_macro   0x000065da      0x6c1 src/ASF/common/services/sleepmgr/sam4l/sleepmgr.o
 .debug_macro   0x00006c9b      0x1ef src/ASF/common/services/sleepmgr/sam4l/sleepmgr.o
 .debug_macro   0x00006e8a       0xb8 src/ASF/common/services/sleepmgr/sam4l/sleepmgr.o
 .debug_macro   0x00006f42     0x8f14 src/ASF/common/services/sleepmgr/sam4l/sleepmgr.o
 .debug_macro   0x0000fe56      0x16f src/ASF/common/services/sleepmgr/sam4l/sleepmgr.o
 .debug_macro   0x0000ffc5      0x41d src/ASF/common/services/sleepmgr/sam4l/sleepmgr.o
 .debug_macro   0x000103e2      0x67f src/ASF/common/services/sleepmgr/sam4l/sleepmgr.o
 .debug_macro   0x00010a61      0x777 src/ASF/common/services/sleepmgr/sam4l/sleepmgr.o
 .debug_macro   0x000111d8      0x216 src/ASF/common/services/sleepmgr/sam4l/sleepmgr.o
 .debug_macro   0x000113ee      0x52b src/ASF/common/services/sleepmgr/sam4l/sleepmgr.o
 .debug_macro   0x00011919      0x4c0 src/ASF/common/services/sleepmgr/sam4l/sleepmgr.o
 .debug_macro   0x00011dd9      0x100 src/ASF/common/services/sleepmgr/sam4l/sleepmgr.o
 .debug_macro   0x00011ed9      0xa2a src/ASF/common/services/sleepmgr/sam4l/sleepmgr.o
 .debug_macro   0x00012903      0xbf3 src/ASF/common/services/sleepmgr/sam4l/sleepmgr.o
 .debug_macro   0x000134f6      0x340 src/ASF/common/services/sleepmgr/sam4l/sleepmgr.o
 .debug_macro   0x00013836      0x98d src/ASF/common/services/sleepmgr/sam4l/sleepmgr.o
 .debug_macro   0x000141c3      0xfef src/ASF/common/services/sleepmgr/sam4l/sleepmgr.o
 .debug_macro   0x000151b2      0x10c src/ASF/common/services/sleepmgr/sam4l/sleepmgr.o
 .debug_macro   0x000152be      0x910 src/ASF/common/services/sleepmgr/sam4l/sleepmgr.o
 .debug_macro   0x00015bce      0x830 src/ASF/common/services/sleepmgr/sam4l/sleepmgr.o
 .debug_macro   0x000163fe     0x3ec3 src/ASF/common/services/sleepmgr/sam4l/sleepmgr.o
 .debug_macro   0x0001a2c1     0x64d8 src/ASF/common/services/sleepmgr/sam4l/sleepmgr.o
 .debug_macro   0x00020799      0x20e src/ASF/common/services/sleepmgr/sam4l/sleepmgr.o
 .debug_macro   0x000209a7       0x64 src/ASF/common/services/sleepmgr/sam4l/sleepmgr.o
 .debug_macro   0x00020a0b       0x8e src/ASF/common/services/sleepmgr/sam4l/sleepmgr.o
 .debug_macro   0x00020a99       0xa6 src/ASF/common/services/sleepmgr/sam4l/sleepmgr.o
 .debug_macro   0x00020b3f       0xb8 src/ASF/common/services/sleepmgr/sam4l/sleepmgr.o
 .debug_macro   0x00020bf7       0xa6 src/ASF/common/services/sleepmgr/sam4l/sleepmgr.o
 .debug_macro   0x00020c9d       0x9a src/ASF/common/services/sleepmgr/sam4l/sleepmgr.o
 .debug_macro   0x00020d37      0x115 src/ASF/common/services/sleepmgr/sam4l/sleepmgr.o
 .debug_macro   0x00020e4c       0xa0 src/ASF/common/services/sleepmgr/sam4l/sleepmgr.o
 .debug_macro   0x00020eec       0x16 src/ASF/common/services/sleepmgr/sam4l/sleepmgr.o
 .debug_macro   0x00020f02       0x6a src/ASF/common/services/sleepmgr/sam4l/sleepmgr.o
 .debug_macro   0x00020f6c       0x58 src/ASF/common/services/sleepmgr/sam4l/sleepmgr.o
 .debug_macro   0x00020fc4       0xa0 src/ASF/common/services/sleepmgr/sam4l/sleepmgr.o
 .debug_macro   0x00021064       0x34 src/ASF/common/services/sleepmgr/sam4l/sleepmgr.o
 .debug_macro   0x00021098      0x106 src/ASF/common/services/sleepmgr/sam4l/sleepmgr.o
 .debug_macro   0x0002119e       0x3a src/ASF/common/services/sleepmgr/sam4l/sleepmgr.o
 .debug_macro   0x000211d8      0x830 src/ASF/common/services/sleepmgr/sam4l/sleepmgr.o
 .debug_macro   0x00021a08       0x40 src/ASF/common/services/sleepmgr/sam4l/sleepmgr.o
 .debug_macro   0x00021a48      0x2b1 src/ASF/common/services/sleepmgr/sam4l/sleepmgr.o
 .debug_macro   0x00021cf9       0x70 src/ASF/common/services/sleepmgr/sam4l/sleepmgr.o
 .debug_macro   0x00021d69       0xb2 src/ASF/common/services/sleepmgr/sam4l/sleepmgr.o
 .debug_macro   0x00021e1b       0x46 src/ASF/common/services/sleepmgr/sam4l/sleepmgr.o
 .debug_macro   0x00021e61      0x5c8 src/ASF/common/services/sleepmgr/sam4l/sleepmgr.o
 .debug_macro   0x00022429      0x387 src/ASF/common/services/sleepmgr/sam4l/sleepmgr.o
 .debug_macro   0x000227b0       0x28 src/ASF/common/services/sleepmgr/sam4l/sleepmgr.o
 .debug_macro   0x000227d8      0x148 src/ASF/common/services/sleepmgr/sam4l/sleepmgr.o
 .debug_macro   0x00022920      0x2ca src/ASF/common/services/sleepmgr/sam4l/sleepmgr.o
 .debug_macro   0x00022bea       0x46 src/ASF/common/services/sleepmgr/sam4l/sleepmgr.o
 .debug_macro   0x00022c30       0x7c src/ASF/common/services/sleepmgr/sam4l/sleepmgr.o
 .debug_macro   0x00022cac      0x118 src/ASF/common/services/sleepmgr/sam4l/sleepmgr.o
 .debug_macro   0x00022dc4      0x118 src/ASF/common/services/sleepmgr/sam4l/sleepmgr.o
 .debug_macro   0x00022edc       0x34 src/ASF/common/services/sleepmgr/sam4l/sleepmgr.o
 .debug_macro   0x00022f10       0x7c src/ASF/common/services/sleepmgr/sam4l/sleepmgr.o
 .debug_macro   0x00022f8c       0x7c src/ASF/common/services/sleepmgr/sam4l/sleepmgr.o
 .debug_macro   0x00023008       0x7c src/ASF/common/services/sleepmgr/sam4l/sleepmgr.o
 .debug_macro   0x00023084       0x7c src/ASF/common/services/sleepmgr/sam4l/sleepmgr.o
 .debug_macro   0x00023100       0x76 src/ASF/common/services/sleepmgr/sam4l/sleepmgr.o
 .debug_macro   0x00023176       0x76 src/ASF/common/services/sleepmgr/sam4l/sleepmgr.o
 .debug_macro   0x000231ec       0x9a src/ASF/common/services/sleepmgr/sam4l/sleepmgr.o
 .debug_macro   0x00023286       0x9a src/ASF/common/services/sleepmgr/sam4l/sleepmgr.o
 .debug_macro   0x00023320       0x9a src/ASF/common/services/sleepmgr/sam4l/sleepmgr.o
 .debug_macro   0x000233ba       0x9a src/ASF/common/services/sleepmgr/sam4l/sleepmgr.o
 .debug_macro   0x00023454      0x447 src/ASF/common/services/sleepmgr/sam4l/sleepmgr.o
 .debug_macro   0x0002389b       0x46 src/ASF/common/services/sleepmgr/sam4l/sleepmgr.o
 .debug_macro   0x000238e1      0x591 src/ASF/common/services/sleepmgr/sam4l/sleepmgr.o
 .debug_macro   0x00023e72     0x2eeb src/ASF/common/services/sleepmgr/sam4l/sleepmgr.o
 .debug_macro   0x00026d5d      0x146 src/ASF/common/services/sleepmgr/sam4l/sleepmgr.o
 .debug_macro   0x00026ea3       0x10 src/ASF/common/services/sleepmgr/sam4l/sleepmgr.o
 .debug_macro   0x00026eb3       0x35 src/ASF/common/services/sleepmgr/sam4l/sleepmgr.o
 .debug_macro   0x00026ee8       0x43 src/ASF/common/services/sleepmgr/sam4l/sleepmgr.o
 .debug_macro   0x00026f2b       0x22 src/ASF/common/services/sleepmgr/sam4l/sleepmgr.o
 .debug_macro   0x00026f4d       0x10 src/ASF/common/services/sleepmgr/sam4l/sleepmgr.o
 .debug_macro   0x00026f5d       0x16 src/ASF/common/services/sleepmgr/sam4l/sleepmgr.o
 .debug_macro   0x00026f73       0x23 src/ASF/common/services/sleepmgr/sam4l/sleepmgr.o
 .debug_macro   0x00026f96       0x66 src/ASF/common/services/sleepmgr/sam4l/sleepmgr.o
 .debug_macro   0x00026ffc       0x3e src/ASF/common/services/sleepmgr/sam4l/sleepmgr.o
 .debug_macro   0x0002703a      0x3c3 src/ASF/common/services/sleepmgr/sam4l/sleepmgr.o
 .debug_macro   0x000273fd       0x10 src/ASF/common/services/sleepmgr/sam4l/sleepmgr.o
 .debug_macro   0x0002740d       0xcd src/ASF/common/services/sleepmgr/sam4l/sleepmgr.o
 .debug_macro   0x000274da      0x666 src/ASF/common/services/usb/class/cdc/device/udi_cdc.o
 .debug_macro   0x00027b40       0x7e src/ASF/common/services/usb/class/cdc/device/udi_cdc.o
 .debug_macro   0x00027bbe      0x225 src/ASF/common/services/usb/class/cdc/device/udi_cdc.o
 .debug_macro   0x00027de3       0x96 src/ASF/common/services/usb/class/cdc/device/udi_cdc.o
 .debug_macro   0x00027e79      0x241 src/ASF/common/services/usb/class/cdc/device/udi_cdc.o
 .debug_macro   0x000280ba       0xbb src/ASF/common/services/usb/class/cdc/device/udi_cdc.o
 .debug_macro   0x00028175       0x16 src/ASF/common/services/usb/class/cdc/device/udi_cdc.o
 .debug_macro   0x0002818b       0x1c src/ASF/common/services/usb/class/cdc/device/udi_cdc.o
 .debug_macro   0x000281a7      0x190 src/ASF/common/services/usb/class/cdc/device/udi_cdc.o
 .debug_macro   0x00028337       0x10 src/ASF/common/services/usb/class/cdc/device/udi_cdc.o
 .debug_macro   0x00028347       0x1c src/ASF/common/services/usb/class/cdc/device/udi_cdc.o
 .debug_macro   0x00028363      0x5cb src/ASF/common/services/usb/class/cdc/device/udi_cdc_desc.o
 .debug_macro   0x0002892e      0x5bd src/ASF/common/services/usb/udc/udc.o
 .debug_macro   0x00028eeb      0x5f4 src/ASF/sam/drivers/eic/eic.o
 .debug_macro   0x000294df       0x7c src/ASF/sam/drivers/eic/eic.o
 .debug_macro   0x0002955b       0x52 src/ASF/sam/drivers/eic/eic.o
 .debug_macro   0x000295ad      0x1e3 src/ASF/sam/drivers/eic/eic.o
 .debug_macro   0x00029790      0x30d src/ASF/sam/drivers/eic/eic.o
 .debug_macro   0x00029a9d      0x211 src/ASF/sam/drivers/eic/eic.o
 .debug_macro   0x00029cae       0x6a src/ASF/sam/drivers/eic/eic.o
 .debug_macro   0x00029d18       0x10 src/ASF/sam/drivers/eic/eic.o
 .debug_macro   0x00029d28      0x130 src/ASF/sam/drivers/eic/eic.o
 .debug_macro   0x00029e58       0x87 src/ASF/sam/drivers/eic/eic.o
 .debug_macro   0x00029edf       0x12 src/ASF/sam/drivers/eic/eic.o
 .debug_macro   0x00029ef1      0x5ed src/ASF/sam/drivers/gpio/gpio.o
 .debug_macro   0x0002a4de       0x8e src/ASF/sam/drivers/gpio/gpio.o
 .debug_macro   0x0002a56c      0x608 src/ASF/sam/drivers/lcdca/lcdca.o
 .debug_macro   0x0002ab74       0x10 src/ASF/sam/drivers/lcdca/lcdca.o
 .debug_macro   0x0002ab84       0x10 src/ASF/sam/drivers/lcdca/lcdca.o
 .debug_macro   0x0002ab94       0x9f src/ASF/sam/drivers/lcdca/lcdca.o
 .debug_macro   0x0002ac33      0x5f5 src/ASF/sam/drivers/pdca/pdca.o
 .debug_macro   0x0002b228      0x6f6 src/ASF/sam/drivers/usbc/usbc_device.o
 .debug_macro   0x0002b91e       0x5e src/ASF/sam/drivers/usbc/usbc_device.o
 .debug_macro   0x0002b97c       0x94 src/ASF/sam/drivers/usbc/usbc_device.o
 .debug_macro   0x0002ba10       0x82 src/ASF/sam/drivers/usbc/usbc_device.o
 .debug_macro   0x0002ba92      0x114 src/ASF/sam/drivers/usbc/usbc_device.o
 .debug_macro   0x0002bba6      0x577 src/ASF/sam/drivers/usbc/usbc_device.o
 .debug_macro   0x0002c11d      0x763 src/main.o
 .debug_macro   0x0002c880       0x28 src/main.o
 .debug_macro   0x0002c8a8       0x22 src/main.o
 .debug_macro   0x0002c8ca       0x47 src/main.o
 .debug_macro   0x0002c911       0x1c src/main.o
 .debug_macro   0x0002c92d       0x2e src/main.o
 .debug_macro   0x0002c95b       0x84 src/main.o
 .debug_macro   0x0002c9df       0x22 src/main.o
 .debug_macro   0x0002ca01      0x10c src/main.o
 .debug_macro   0x0002cb0d      0x563 src/ASF/common/services/clock/sam4l/osc.o
 .debug_macro   0x0002d070      0x1dd src/ASF/common/services/clock/sam4l/osc.o
 .debug_macro   0x0002d24d      0x57b src/ASF/common/services/clock/sam4l/pll.o
 .debug_macro   0x0002d7c8       0x5e src/ASF/common/services/clock/sam4l/pll.o
 .debug_macro   0x0002d826       0x2d src/ASF/common/services/clock/sam4l/pll.o
 .debug_macro   0x0002d853      0x603 src/ASF/common/services/clock/sam4l/sysclk.o
 .debug_macro   0x0002de56      0x528 src/ASF/common/utils/interrupt/interrupt_sam_nvic.o
 .debug_macro   0x0002e37e      0x5f4 src/ASF/sam/boards/sam4l_ek/init.o
 .debug_macro   0x0002e972      0x531 src/ASF/sam/drivers/bpm/bpm.o
 .debug_macro   0x0002eea3      0x5ea src/ASF/sam/drivers/flashcalw/flashcalw.o
 .debug_macro   0x0002f48d      0x5d6 src/ASF/sam/drivers/wdt/wdt_sam4l.o
 .debug_macro   0x0002fa63       0x1c src/ASF/sam/drivers/wdt/wdt_sam4l.o
 .debug_macro   0x0002fa7f      0x3e0 src/ASF/sam/utils/cmsis/sam4l/source/templates/exceptions.o
 .debug_macro   0x0002fe5f      0x3e0 src/ASF/sam/utils/cmsis/sam4l/source/templates/gcc/startup_sam4l.o
 .debug_macro   0x0003023f      0x763 src/TargetCode/LcdDisplay.o
 .debug_macro   0x000309a2      0x767 src/TargetCode/UsbCdcHandlers.o
 .debug_macro   0x00031109      0x21f src/TargetCode/UsbCdcHandlers.o

.debug_line     0x00000000    0x1711a
 .debug_line    0x00000000      0xd17 src/ASF/common/services/sleepmgr/sam4l/sleepmgr.o
 .debug_line    0x00000d17     0x13db src/ASF/common/services/usb/class/cdc/device/udi_cdc.o
 .debug_line    0x000020f2      0xdbf src/ASF/common/services/usb/class/cdc/device/udi_cdc_desc.o
 .debug_line    0x00002eb1     0x1007 src/ASF/common/services/usb/udc/udc.o
 .debug_line    0x00003eb8      0xfd5 src/ASF/sam/drivers/eic/eic.o
 .debug_line    0x00004e8d      0xf5e src/ASF/sam/drivers/gpio/gpio.o
 .debug_line    0x00005deb     0x11a3 src/ASF/sam/drivers/lcdca/lcdca.o
 .debug_line    0x00006f8e     0x1127 src/ASF/sam/drivers/pdca/pdca.o
 .debug_line    0x000080b5     0x181f src/ASF/sam/drivers/usbc/usbc_device.o
 .debug_line    0x000098d4     0x11f7 src/main.o
 .debug_line    0x0000aacb     0x1014 src/ASF/common/services/clock/sam4l/osc.o
 .debug_line    0x0000badf      0xe08 src/ASF/common/services/clock/sam4l/pll.o
 .debug_line    0x0000c8e7     0x12c4 src/ASF/common/services/clock/sam4l/sysclk.o
 .debug_line    0x0000dbab      0xcc7 src/ASF/common/utils/interrupt/interrupt_sam_nvic.o
 .debug_line    0x0000e872      0xf79 src/ASF/sam/boards/sam4l_ek/init.o
 .debug_line    0x0000f7eb      0xe85 src/ASF/sam/drivers/bpm/bpm.o
 .debug_line    0x00010670     0x1588 src/ASF/sam/drivers/flashcalw/flashcalw.o
 .debug_line    0x00011bf8      0xe8f src/ASF/sam/drivers/wdt/wdt_sam4l.o
 .debug_line    0x00012a87      0xac1 src/ASF/sam/utils/cmsis/sam4l/source/templates/exceptions.o
 .debug_line    0x00013548      0xb20 src/ASF/sam/utils/cmsis/sam4l/source/templates/gcc/startup_sam4l.o
 .debug_line    0x00014068     0x1208 src/TargetCode/LcdDisplay.o
 .debug_line    0x00015270     0x1209 src/TargetCode/UsbCdcHandlers.o
 .debug_line    0x00016479      0x231 c:/arquivos de programas/atmel/atmel toolchain/arm gcc/native/4.7.3.1029/arm-gnu-toolchain/bin/../lib/gcc/arm-none-eabi/4.7.3/../../../../arm-none-eabi/lib/armv7e-m\libc.a(lib_a-__atexit.o)
 .debug_line    0x000166aa      0x124 c:/arquivos de programas/atmel/atmel toolchain/arm gcc/native/4.7.3.1029/arm-gnu-toolchain/bin/../lib/gcc/arm-none-eabi/4.7.3/../../../../arm-none-eabi/lib/armv7e-m\libc.a(lib_a-fini.o)
 .debug_line    0x000167ce      0x183 c:/arquivos de programas/atmel/atmel toolchain/arm gcc/native/4.7.3.1029/arm-gnu-toolchain/bin/../lib/gcc/arm-none-eabi/4.7.3/../../../../arm-none-eabi/lib/armv7e-m\libc.a(lib_a-impure.o)
 .debug_line    0x00016951      0x136 c:/arquivos de programas/atmel/atmel toolchain/arm gcc/native/4.7.3.1029/arm-gnu-toolchain/bin/../lib/gcc/arm-none-eabi/4.7.3/../../../../arm-none-eabi/lib/armv7e-m\libc.a(lib_a-init.o)
 .debug_line    0x00016a87      0x186 c:/arquivos de programas/atmel/atmel toolchain/arm gcc/native/4.7.3.1029/arm-gnu-toolchain/bin/../lib/gcc/arm-none-eabi/4.7.3/../../../../arm-none-eabi/lib/armv7e-m\libc.a(lib_a-memcpy.o)
 .debug_line    0x00016c0d      0x18d c:/arquivos de programas/atmel/atmel toolchain/arm gcc/native/4.7.3.1029/arm-gnu-toolchain/bin/../lib/gcc/arm-none-eabi/4.7.3/../../../../arm-none-eabi/lib/armv7e-m\libc.a(lib_a-memset.o)
 .debug_line    0x00016d9a      0x275 c:/arquivos de programas/atmel/atmel toolchain/arm gcc/native/4.7.3.1029/arm-gnu-toolchain/bin/../lib/gcc/arm-none-eabi/4.7.3/../../../../arm-none-eabi/lib/armv7e-m\libc.a(lib_a-__call_atexit.o)
 .debug_line    0x0001700f      0x10b c:/arquivos de programas/atmel/atmel toolchain/arm gcc/native/4.7.3.1029/arm-gnu-toolchain/bin/../lib/gcc/arm-none-eabi/4.7.3/../../../../arm-none-eabi/lib/armv7e-m\libc.a(lib_a-atexit.o)

.debug_str      0x00000000    0xea419
 .debug_str     0x00000000    0xd8824 src/ASF/common/services/sleepmgr/sam4l/sleepmgr.o
                              0xd901e (size before relaxing)
 .debug_str     0x000d8824     0x4398 src/ASF/common/services/usb/class/cdc/device/udi_cdc.o
                              0xdce92 (size before relaxing)
 .debug_str     0x000dcbbc      0x584 src/ASF/common/services/usb/class/cdc/device/udi_cdc_desc.o
                              0xdc609 (size before relaxing)
 .debug_str     0x000dd140      0x69e src/ASF/common/services/usb/udc/udc.o
                              0xdb63b (size before relaxing)
 .debug_str     0x000dd7de     0x31be src/ASF/sam/drivers/eic/eic.o
                              0xdc277 (size before relaxing)
 .debug_str     0x000e099c      0x86f src/ASF/sam/drivers/gpio/gpio.o
                              0xdc183 (size before relaxing)
 .debug_str     0x000e120b      0xd50 src/ASF/sam/drivers/lcdca/lcdca.o
                              0xdcd17 (size before relaxing)
 .debug_str     0x000e1f5b      0x3ea src/ASF/sam/drivers/pdca/pdca.o
                              0xdc4aa (size before relaxing)
 .debug_str     0x000e2345     0x4f9a src/ASF/sam/drivers/usbc/usbc_device.o
                              0xe365a (size before relaxing)
 .debug_str     0x000e72df      0x9f6 src/main.o
                              0xdff42 (size before relaxing)
 .debug_str     0x000e7cd5      0x13e src/ASF/common/services/clock/sam4l/osc.o
                              0xdac9e (size before relaxing)
 .debug_str     0x000e7e13      0x11a src/ASF/common/services/clock/sam4l/pll.o
                              0xdae13 (size before relaxing)
 .debug_str     0x000e7f2d      0x893 src/ASF/common/services/clock/sam4l/sysclk.o
                              0xdca1d (size before relaxing)
 .debug_str     0x000e87c0       0x65 src/ASF/common/utils/interrupt/interrupt_sam_nvic.o
                              0xd8af9 (size before relaxing)
 .debug_str     0x000e8825      0x51f src/ASF/sam/boards/sam4l_ek/init.o
                              0xdc1c3 (size before relaxing)
 .debug_str     0x000e8d44      0x22e src/ASF/sam/drivers/bpm/bpm.o
                              0xd94f1 (size before relaxing)
 .debug_str     0x000e8f72      0xab3 src/ASF/sam/drivers/flashcalw/flashcalw.o
                              0xdc209 (size before relaxing)
 .debug_str     0x000e9a25       0xaf src/ASF/sam/drivers/wdt/wdt_sam4l.o
                              0xdb87b (size before relaxing)
 .debug_str     0x000e9ad4       0x4d src/ASF/sam/utils/cmsis/sam4l/source/templates/exceptions.o
                              0xcd4d2 (size before relaxing)
 .debug_str     0x000e9b21       0xb2 src/ASF/sam/utils/cmsis/sam4l/source/templates/gcc/startup_sam4l.o
                              0xcd5a6 (size before relaxing)
 .debug_str     0x000e9bd3       0x33 src/TargetCode/LcdDisplay.o
                              0xe040e (size before relaxing)
 .debug_str     0x000e9c06       0x49 src/TargetCode/UsbCdcHandlers.o
                              0xdfec0 (size before relaxing)
 .debug_str     0x000e9c4f      0x41a c:/arquivos de programas/atmel/atmel toolchain/arm gcc/native/4.7.3.1029/arm-gnu-toolchain/bin/../lib/gcc/arm-none-eabi/4.7.3/../../../../arm-none-eabi/lib/armv7e-m\libc.a(lib_a-__atexit.o)
                                0x56d (size before relaxing)
 .debug_str     0x000ea069       0x96 c:/arquivos de programas/atmel/atmel toolchain/arm gcc/native/4.7.3.1029/arm-gnu-toolchain/bin/../lib/gcc/arm-none-eabi/4.7.3/../../../../arm-none-eabi/lib/armv7e-m\libc.a(lib_a-fini.o)
                                0x184 (size before relaxing)
 .debug_str     0x000ea0ff       0x6f c:/arquivos de programas/atmel/atmel toolchain/arm gcc/native/4.7.3.1029/arm-gnu-toolchain/bin/../lib/gcc/arm-none-eabi/4.7.3/../../../../arm-none-eabi/lib/armv7e-m\libc.a(lib_a-impure.o)
                                0x518 (size before relaxing)
 .debug_str     0x000ea16e       0xc0 c:/arquivos de programas/atmel/atmel toolchain/arm gcc/native/4.7.3.1029/arm-gnu-toolchain/bin/../lib/gcc/arm-none-eabi/4.7.3/../../../../arm-none-eabi/lib/armv7e-m\libc.a(lib_a-init.o)
                                0x1ae (size before relaxing)
 .debug_str     0x000ea22e       0x73 c:/arquivos de programas/atmel/atmel toolchain/arm gcc/native/4.7.3.1029/arm-gnu-toolchain/bin/../lib/gcc/arm-none-eabi/4.7.3/../../../../arm-none-eabi/lib/armv7e-m\libc.a(lib_a-memcpy.o)
                                0x161 (size before relaxing)
 .debug_str     0x000ea2a1       0x6b c:/arquivos de programas/atmel/atmel toolchain/arm gcc/native/4.7.3.1029/arm-gnu-toolchain/bin/../lib/gcc/arm-none-eabi/4.7.3/../../../../arm-none-eabi/lib/armv7e-m\libc.a(lib_a-memset.o)
                                0x14d (size before relaxing)
 .debug_str     0x000ea30c       0xa9 c:/arquivos de programas/atmel/atmel toolchain/arm gcc/native/4.7.3.1029/arm-gnu-toolchain/bin/../lib/gcc/arm-none-eabi/4.7.3/../../../../arm-none-eabi/lib/armv7e-m\libc.a(lib_a-__call_atexit.o)
                                0x569 (size before relaxing)
 .debug_str     0x000ea3b5       0x64 c:/arquivos de programas/atmel/atmel toolchain/arm gcc/native/4.7.3.1029/arm-gnu-toolchain/bin/../lib/gcc/arm-none-eabi/4.7.3/../../../../arm-none-eabi/lib/armv7e-m\libc.a(lib_a-atexit.o)
                                0x18a (size before relaxing)

.debug_loc      0x00000000     0x952e
 .debug_loc     0x00000000     0x10e7 src/ASF/common/services/usb/class/cdc/device/udi_cdc.o
 .debug_loc     0x000010e7      0x552 src/ASF/common/services/usb/udc/udc.o
 .debug_loc     0x00001639      0x443 src/ASF/sam/drivers/eic/eic.o
 .debug_loc     0x00001a7c      0x4b7 src/ASF/sam/drivers/gpio/gpio.o
 .debug_loc     0x00001f33      0xa99 src/ASF/sam/drivers/lcdca/lcdca.o
 .debug_loc     0x000029cc      0x9c2 src/ASF/sam/drivers/pdca/pdca.o
 .debug_loc     0x0000338e      0xf2d src/ASF/sam/drivers/usbc/usbc_device.o
 .debug_loc     0x000042bb       0x88 src/main.o
 .debug_loc     0x00004343      0x3e0 src/ASF/common/services/clock/sam4l/osc.o
 .debug_loc     0x00004723      0x201 src/ASF/common/services/clock/sam4l/pll.o
 .debug_loc     0x00004924     0x13f6 src/ASF/common/services/clock/sam4l/sysclk.o
 .debug_loc     0x00005d1a       0x1e src/ASF/common/utils/interrupt/interrupt_sam_nvic.o
 .debug_loc     0x00005d38      0x4d7 src/ASF/sam/boards/sam4l_ek/init.o
 .debug_loc     0x0000620f      0x512 src/ASF/sam/drivers/bpm/bpm.o
 .debug_loc     0x00006721     0x273e src/ASF/sam/drivers/flashcalw/flashcalw.o
 .debug_loc     0x00008e5f      0x1d1 src/ASF/sam/drivers/wdt/wdt_sam4l.o
 .debug_loc     0x00009030       0x20 src/ASF/sam/utils/cmsis/sam4l/source/templates/gcc/startup_sam4l.o
 .debug_loc     0x00009050       0x84 src/TargetCode/LcdDisplay.o
 .debug_loc     0x000090d4       0xd6 src/TargetCode/UsbCdcHandlers.o
 .debug_loc     0x000091aa       0xfc c:/arquivos de programas/atmel/atmel toolchain/arm gcc/native/4.7.3.1029/arm-gnu-toolchain/bin/../lib/gcc/arm-none-eabi/4.7.3/../../../../arm-none-eabi/lib/armv7e-m\libc.a(lib_a-__atexit.o)
 .debug_loc     0x000092a6       0x33 c:/arquivos de programas/atmel/atmel toolchain/arm gcc/native/4.7.3.1029/arm-gnu-toolchain/bin/../lib/gcc/arm-none-eabi/4.7.3/../../../../arm-none-eabi/lib/armv7e-m\libc.a(lib_a-fini.o)
 .debug_loc     0x000092d9       0x56 c:/arquivos de programas/atmel/atmel toolchain/arm gcc/native/4.7.3.1029/arm-gnu-toolchain/bin/../lib/gcc/arm-none-eabi/4.7.3/../../../../arm-none-eabi/lib/armv7e-m\libc.a(lib_a-init.o)
 .debug_loc     0x0000932f       0x59 c:/arquivos de programas/atmel/atmel toolchain/arm gcc/native/4.7.3.1029/arm-gnu-toolchain/bin/../lib/gcc/arm-none-eabi/4.7.3/../../../../arm-none-eabi/lib/armv7e-m\libc.a(lib_a-memcpy.o)
 .debug_loc     0x00009388       0x3f c:/arquivos de programas/atmel/atmel toolchain/arm gcc/native/4.7.3.1029/arm-gnu-toolchain/bin/../lib/gcc/arm-none-eabi/4.7.3/../../../../arm-none-eabi/lib/armv7e-m\libc.a(lib_a-memset.o)
 .debug_loc     0x000093c7      0x13b c:/arquivos de programas/atmel/atmel toolchain/arm gcc/native/4.7.3.1029/arm-gnu-toolchain/bin/../lib/gcc/arm-none-eabi/4.7.3/../../../../arm-none-eabi/lib/armv7e-m\libc.a(lib_a-__call_atexit.o)
 .debug_loc     0x00009502       0x2c c:/arquivos de programas/atmel/atmel toolchain/arm gcc/native/4.7.3.1029/arm-gnu-toolchain/bin/../lib/gcc/arm-none-eabi/4.7.3/../../../../arm-none-eabi/lib/armv7e-m\libc.a(lib_a-atexit.o)

.debug_ranges   0x00000000      0xc60
 .debug_ranges  0x00000000      0x230 src/ASF/common/services/usb/class/cdc/device/udi_cdc.o
 .debug_ranges  0x00000230       0x98 src/ASF/common/services/usb/udc/udc.o
 .debug_ranges  0x000002c8       0x78 src/ASF/sam/drivers/eic/eic.o
 .debug_ranges  0x00000340       0xa8 src/ASF/sam/drivers/gpio/gpio.o
 .debug_ranges  0x000003e8       0xc8 src/ASF/sam/drivers/lcdca/lcdca.o
 .debug_ranges  0x000004b0      0x118 src/ASF/sam/drivers/pdca/pdca.o
 .debug_ranges  0x000005c8      0x140 src/ASF/sam/drivers/usbc/usbc_device.o
 .debug_ranges  0x00000708       0x10 src/main.o
 .debug_ranges  0x00000718       0x68 src/ASF/common/services/clock/sam4l/osc.o
 .debug_ranges  0x00000780       0x20 src/ASF/common/services/clock/sam4l/pll.o
 .debug_ranges  0x000007a0       0x78 src/ASF/common/services/clock/sam4l/sysclk.o
 .debug_ranges  0x00000818       0x18 src/ASF/common/utils/interrupt/interrupt_sam_nvic.o
 .debug_ranges  0x00000830       0x58 src/ASF/sam/boards/sam4l_ek/init.o
 .debug_ranges  0x00000888       0xb0 src/ASF/sam/drivers/bpm/bpm.o
 .debug_ranges  0x00000938      0x240 src/ASF/sam/drivers/flashcalw/flashcalw.o
 .debug_ranges  0x00000b78       0x40 src/ASF/sam/drivers/wdt/wdt_sam4l.o
 .debug_ranges  0x00000bb8       0x10 src/ASF/sam/utils/cmsis/sam4l/source/templates/exceptions.o
 .debug_ranges  0x00000bc8       0x10 src/ASF/sam/utils/cmsis/sam4l/source/templates/gcc/startup_sam4l.o
 .debug_ranges  0x00000bd8       0x18 src/TargetCode/LcdDisplay.o
 .debug_ranges  0x00000bf0       0x20 src/TargetCode/UsbCdcHandlers.o
 .debug_ranges  0x00000c10       0x50 c:/arquivos de programas/atmel/atmel toolchain/arm gcc/native/4.7.3.1029/arm-gnu-toolchain/bin/../lib/gcc/arm-none-eabi/4.7.3/../../../../arm-none-eabi/lib/armv7e-m\libc.a(lib_a-__call_atexit.o)

.debug_frame    0x00000000     0x1e34
 .debug_frame   0x00000000      0x420 src/ASF/common/services/usb/class/cdc/device/udi_cdc.o
 .debug_frame   0x00000420      0x148 src/ASF/common/services/usb/udc/udc.o
 .debug_frame   0x00000568      0x164 src/ASF/sam/drivers/eic/eic.o
 .debug_frame   0x000006cc      0x170 src/ASF/sam/drivers/gpio/gpio.o
 .debug_frame   0x0000083c      0x22c src/ASF/sam/drivers/lcdca/lcdca.o
 .debug_frame   0x00000a68      0x348 src/ASF/sam/drivers/pdca/pdca.o
 .debug_frame   0x00000db0      0x28c src/ASF/sam/drivers/usbc/usbc_device.o
 .debug_frame   0x0000103c       0x28 src/main.o
 .debug_frame   0x00001064       0xd0 src/ASF/common/services/clock/sam4l/osc.o
 .debug_frame   0x00001134       0x58 src/ASF/common/services/clock/sam4l/pll.o
 .debug_frame   0x0000118c      0x158 src/ASF/common/services/clock/sam4l/sysclk.o
 .debug_frame   0x000012e4       0x30 src/ASF/common/utils/interrupt/interrupt_sam_nvic.o
 .debug_frame   0x00001314       0x30 src/ASF/sam/boards/sam4l_ek/init.o
 .debug_frame   0x00001344      0x17c src/ASF/sam/drivers/bpm/bpm.o
 .debug_frame   0x000014c0      0x6ac src/ASF/sam/drivers/flashcalw/flashcalw.o
 .debug_frame   0x00001b6c       0xac src/ASF/sam/drivers/wdt/wdt_sam4l.o
 .debug_frame   0x00001c18       0x20 src/ASF/sam/utils/cmsis/sam4l/source/templates/exceptions.o
 .debug_frame   0x00001c38       0x2c src/ASF/sam/utils/cmsis/sam4l/source/templates/gcc/startup_sam4l.o
 .debug_frame   0x00001c64       0x4c src/TargetCode/LcdDisplay.o
 .debug_frame   0x00001cb0       0x4c src/TargetCode/UsbCdcHandlers.o
 .debug_frame   0x00001cfc       0x34 c:/arquivos de programas/atmel/atmel toolchain/arm gcc/native/4.7.3.1029/arm-gnu-toolchain/bin/../lib/gcc/arm-none-eabi/4.7.3/../../../../arm-none-eabi/lib/armv7e-m\libc.a(lib_a-__atexit.o)
 .debug_frame   0x00001d30       0x2c c:/arquivos de programas/atmel/atmel toolchain/arm gcc/native/4.7.3.1029/arm-gnu-toolchain/bin/../lib/gcc/arm-none-eabi/4.7.3/../../../../arm-none-eabi/lib/armv7e-m\libc.a(lib_a-fini.o)
 .debug_frame   0x00001d5c       0x2c c:/arquivos de programas/atmel/atmel toolchain/arm gcc/native/4.7.3.1029/arm-gnu-toolchain/bin/../lib/gcc/arm-none-eabi/4.7.3/../../../../arm-none-eabi/lib/armv7e-m\libc.a(lib_a-init.o)
 .debug_frame   0x00001d88       0x28 c:/arquivos de programas/atmel/atmel toolchain/arm gcc/native/4.7.3.1029/arm-gnu-toolchain/bin/../lib/gcc/arm-none-eabi/4.7.3/../../../../arm-none-eabi/lib/armv7e-m\libc.a(lib_a-memcpy.o)
 .debug_frame   0x00001db0       0x20 c:/arquivos de programas/atmel/atmel toolchain/arm gcc/native/4.7.3.1029/arm-gnu-toolchain/bin/../lib/gcc/arm-none-eabi/4.7.3/../../../../arm-none-eabi/lib/armv7e-m\libc.a(lib_a-memset.o)
 .debug_frame   0x00001dd0       0x44 c:/arquivos de programas/atmel/atmel toolchain/arm gcc/native/4.7.3.1029/arm-gnu-toolchain/bin/../lib/gcc/arm-none-eabi/4.7.3/../../../../arm-none-eabi/lib/armv7e-m\libc.a(lib_a-__call_atexit.o)
 .debug_frame   0x00001e14       0x20 c:/arquivos de programas/atmel/atmel toolchain/arm gcc/native/4.7.3.1029/arm-gnu-toolchain/bin/../lib/gcc/arm-none-eabi/4.7.3/../../../../arm-none-eabi/lib/armv7e-m\libc.a(lib_a-atexit.o)

Cross Reference Table

Symbol                                            File
ABDACB_Handler                                    src/ASF/sam/utils/cmsis/sam4l/source/templates/exceptions.o
                                                  src/ASF/sam/utils/cmsis/sam4l/source/templates/gcc/startup_sam4l.o
ACIFC_Handler                                     src/ASF/sam/utils/cmsis/sam4l/source/templates/exceptions.o
                                                  src/ASF/sam/utils/cmsis/sam4l/source/templates/gcc/startup_sam4l.o
ADCIFE_Handler                                    src/ASF/sam/utils/cmsis/sam4l/source/templates/exceptions.o
                                                  src/ASF/sam/utils/cmsis/sam4l/source/templates/gcc/startup_sam4l.o
AESA_Handler                                      src/ASF/sam/utils/cmsis/sam4l/source/templates/exceptions.o